
> homework-qa-assistant@0.1.0 test
> jest

node.exe : PASS __tests__/ai-integration.test.ts
At line:1 char:1
+ & "C:\Program Files\nodejs/node.exe" "C:\Program Files\nodejs/node_mo ...
+ ~~~~~~~~~~~~~~~~~~~~~~~~~~~~~~~~~~~~~~~~~~~~~~~~~~~~~~~~~~~~~~~~~~~~~
    + CategoryInfo          : NotSpecified: (PASS __tests__/ai-integration.tes 
   t.ts:String) [], RemoteException
    + FullyQualifiedErrorId : NativeCommandError
 
PASS __tests__/ai-followup.test.ts
FAIL __tests__/navbar.test.tsx
  ΓùÅ Navbar Component ΓÇ║ renders Orbot logo and brand name

    Element type is invalid: expected a string (for built-in components) or a 
class/function (for composite components) but got: object.

    Check the render method of `Navbar`.

    [0m [90m 22 |[39m
     [90m 23 |[39m   it([32m"renders Orbot logo and brand 
name"[39m[33m,[39m () [33m=>[39m {
    [31m[1m>[22m[39m[90m 24 |[39m     render([33m<[39m[33mNavbar[39m 
[33m/[39m[33m>[39m)
     [90m    |[39m           [31m[1m^[22m[39m
     [90m 25 |[39m     expect(screen[33m.[39mgetByText([32m"Orbot"[39m))
[33m.[39mtoBeInTheDocument()
     [90m 26 |[39m     expect(screen[33m.[39mgetByTestId([32m"orbot-logo"
[39m))[33m.[39mtoBeInTheDocument()
     [90m 27 |[39m   })[0m

      at createFiberFromTypeAndProps 
(node_modules/react-dom/cjs/react-dom-client.development.js:5021:28)
      at createFiberFromElement 
(node_modules/react-dom/cjs/react-dom-client.development.js:5035:14)
      at createChild 
(node_modules/react-dom/cjs/react-dom-client.development.js:6338:26)
      at reconcileChildrenArray 
(node_modules/react-dom/cjs/react-dom-client.development.js:6670:25)
      at reconcileChildFibersImpl 
(node_modules/react-dom/cjs/react-dom-client.development.js:6993:30)
      at node_modules/react-dom/cjs/react-dom-client.development.js:7098:33
      at reconcileChildren 
(node_modules/react-dom/cjs/react-dom-client.development.js:9701:13)
      at beginWork 
(node_modules/react-dom/cjs/react-dom-client.development.js:12126:13)
      at runWithFiberInDEV 
(node_modules/react-dom/cjs/react-dom-client.development.js:874:13)
      at performUnitOfWork 
(node_modules/react-dom/cjs/react-dom-client.development.js:17641:22)
      at workLoopSync 
(node_modules/react-dom/cjs/react-dom-client.development.js:17469:41)
      at renderRootSync 
(node_modules/react-dom/cjs/react-dom-client.development.js:17450:11)
      at performWorkOnRoot 
(node_modules/react-dom/cjs/react-dom-client.development.js:16583:35)
      at performWorkOnRootViaSchedulerTask 
(node_modules/react-dom/cjs/react-dom-client.development.js:18957:7)
      at flushActQueue (node_modules/react/cjs/react.development.js:590:34)
      at process.env.NODE_ENV.exports.act 
(node_modules/react/cjs/react.development.js:884:10)
      at node_modules/@testing-library/react/dist/act-compat.js:46:25
      at renderRoot (node_modules/@testing-library/react/dist/pure.js:189:26)
      at render (node_modules/@testing-library/react/dist/pure.js:291:10)
      at Object.<anonymous> (__tests__/navbar.test.tsx:24:11)

  ΓùÅ Navbar Component ΓÇ║ renders all navigation links

    Element type is invalid: expected a string (for built-in components) or a 
class/function (for composite components) but got: object.

    Check the render method of `Navbar`.

    [0m [90m 28 |[39m
     [90m 29 |[39m   it([32m"renders all navigation links"[39m[33m,[39m 
() [33m=>[39m {
    [31m[1m>[22m[39m[90m 30 |[39m     render([33m<[39m[33mNavbar[39m 
[33m/[39m[33m>[39m)
     [90m    |[39m           [31m[1m^[22m[39m
     [90m 31 |[39m     expect(screen[33m.[39mgetByText([32m"Dashboard"[39
m))[33m.[39mtoBeInTheDocument()
     [90m 32 |[39m     expect(screen[33m.[39mgetByText([32m"Ask"[39m))[3
3m.[39mtoBeInTheDocument()
     [90m 33 |[39m     expect(screen[33m.[39mgetByText([32m"History"[39m)
)[33m.[39mtoBeInTheDocument()[0m

      at createFiberFromTypeAndProps 
(node_modules/react-dom/cjs/react-dom-client.development.js:5021:28)
      at createFiberFromElement 
(node_modules/react-dom/cjs/react-dom-client.development.js:5035:14)
      at createChild 
(node_modules/react-dom/cjs/react-dom-client.development.js:6338:26)
      at reconcileChildrenArray 
(node_modules/react-dom/cjs/react-dom-client.development.js:6670:25)
      at reconcileChildFibersImpl 
(node_modules/react-dom/cjs/react-dom-client.development.js:6993:30)
      at node_modules/react-dom/cjs/react-dom-client.development.js:7098:33
      at reconcileChildren 
(node_modules/react-dom/cjs/react-dom-client.development.js:9701:13)
      at beginWork 
(node_modules/react-dom/cjs/react-dom-client.development.js:12126:13)
      at runWithFiberInDEV 
(node_modules/react-dom/cjs/react-dom-client.development.js:874:13)
      at performUnitOfWork 
(node_modules/react-dom/cjs/react-dom-client.development.js:17641:22)
      at workLoopSync 
(node_modules/react-dom/cjs/react-dom-client.development.js:17469:41)
      at renderRootSync 
(node_modules/react-dom/cjs/react-dom-client.development.js:17450:11)
      at performWorkOnRoot 
(node_modules/react-dom/cjs/react-dom-client.development.js:16583:35)
      at performWorkOnRootViaSchedulerTask 
(node_modules/react-dom/cjs/react-dom-client.development.js:18957:7)
      at flushActQueue (node_modules/react/cjs/react.development.js:590:34)
      at process.env.NODE_ENV.exports.act 
(node_modules/react/cjs/react.development.js:884:10)
      at node_modules/@testing-library/react/dist/act-compat.js:46:25
      at renderRoot (node_modules/@testing-library/react/dist/pure.js:189:26)
      at render (node_modules/@testing-library/react/dist/pure.js:291:10)
      at Object.<anonymous> (__tests__/navbar.test.tsx:30:11)

  ΓùÅ Navbar Component ΓÇ║ renders logout button

    Element type is invalid: expected a string (for built-in components) or a 
class/function (for composite components) but got: object.

    Check the render method of `Navbar`.

    [0m [90m 36 |[39m
     [90m 37 |[39m   it([32m"renders logout button"[39m[33m,[39m () 
[33m=>[39m {
    [31m[1m>[22m[39m[90m 38 |[39m     render([33m<[39m[33mNavbar[39m 
[33m/[39m[33m>[39m)
     [90m    |[39m           [31m[1m^[22m[39m
     [90m 39 |[39m     expect(screen[33m.[39mgetByText([32m"Logout"[39m))
[33m.[39mtoBeInTheDocument()
     [90m 40 |[39m   })
     [90m 41 |[39m[0m

      at createFiberFromTypeAndProps 
(node_modules/react-dom/cjs/react-dom-client.development.js:5021:28)
      at createFiberFromElement 
(node_modules/react-dom/cjs/react-dom-client.development.js:5035:14)
      at createChild 
(node_modules/react-dom/cjs/react-dom-client.development.js:6338:26)
      at reconcileChildrenArray 
(node_modules/react-dom/cjs/react-dom-client.development.js:6670:25)
      at reconcileChildFibersImpl 
(node_modules/react-dom/cjs/react-dom-client.development.js:6993:30)
      at node_modules/react-dom/cjs/react-dom-client.development.js:7098:33
      at reconcileChildren 
(node_modules/react-dom/cjs/react-dom-client.development.js:9701:13)
      at beginWork 
(node_modules/react-dom/cjs/react-dom-client.development.js:12126:13)
      at runWithFiberInDEV 
(node_modules/react-dom/cjs/react-dom-client.development.js:874:13)
      at performUnitOfWork 
(node_modules/react-dom/cjs/react-dom-client.development.js:17641:22)
      at workLoopSync 
(node_modules/react-dom/cjs/react-dom-client.development.js:17469:41)
      at renderRootSync 
(node_modules/react-dom/cjs/react-dom-client.development.js:17450:11)
      at performWorkOnRoot 
(node_modules/react-dom/cjs/react-dom-client.development.js:16583:35)
      at performWorkOnRootViaSchedulerTask 
(node_modules/react-dom/cjs/react-dom-client.development.js:18957:7)
      at flushActQueue (node_modules/react/cjs/react.development.js:590:34)
      at process.env.NODE_ENV.exports.act 
(node_modules/react/cjs/react.development.js:884:10)
      at node_modules/@testing-library/react/dist/act-compat.js:46:25
      at renderRoot (node_modules/@testing-library/react/dist/pure.js:189:26)
      at render (node_modules/@testing-library/react/dist/pure.js:291:10)
      at Object.<anonymous> (__tests__/navbar.test.tsx:38:11)

  ΓùÅ Navbar Component ΓÇ║ highlights active nav item

    Element type is invalid: expected a string (for built-in components) or a 
class/function (for composite components) but got: object.

    Check the render method of `Navbar`.

    [0m [90m 41 |[39m
     [90m 42 |[39m   it([32m"highlights active nav item"[39m[33m,[39m () 
[33m=>[39m {
    [31m[1m>[22m[39m[90m 43 |[39m     render([33m<[39m[33mNavbar[39m 
active[33m=[39m[32m"Dashboard"[39m [33m/[39m[33m>[39m)
     [90m    |[39m           [31m[1m^[22m[39m
     [90m 44 |[39m     [36mconst[39m dashboardLink [33m=[39m 
screen[33m.[39mgetByText([32m"Dashboard"[39m)
     [90m 45 |[39m     
expect(dashboardLink)[33m.[39mtoHaveClass([32m"text-purple-400"[39m)
     [90m 46 |[39m   })[0m

      at createFiberFromTypeAndProps 
(node_modules/react-dom/cjs/react-dom-client.development.js:5021:28)
      at createFiberFromElement 
(node_modules/react-dom/cjs/react-dom-client.development.js:5035:14)
      at createChild 
(node_modules/react-dom/cjs/react-dom-client.development.js:6338:26)
      at reconcileChildrenArray 
(node_modules/react-dom/cjs/react-dom-client.development.js:6670:25)
      at reconcileChildFibersImpl 
(node_modules/react-dom/cjs/react-dom-client.development.js:6993:30)
      at node_modules/react-dom/cjs/react-dom-client.development.js:7098:33
      at reconcileChildren 
(node_modules/react-dom/cjs/react-dom-client.development.js:9701:13)
      at beginWork 
(node_modules/react-dom/cjs/react-dom-client.development.js:12126:13)
      at runWithFiberInDEV 
(node_modules/react-dom/cjs/react-dom-client.development.js:874:13)
      at performUnitOfWork 
(node_modules/react-dom/cjs/react-dom-client.development.js:17641:22)
      at workLoopSync 
(node_modules/react-dom/cjs/react-dom-client.development.js:17469:41)
      at renderRootSync 
(node_modules/react-dom/cjs/react-dom-client.development.js:17450:11)
      at performWorkOnRoot 
(node_modules/react-dom/cjs/react-dom-client.development.js:16583:35)
      at performWorkOnRootViaSchedulerTask 
(node_modules/react-dom/cjs/react-dom-client.development.js:18957:7)
      at flushActQueue (node_modules/react/cjs/react.development.js:590:34)
      at process.env.NODE_ENV.exports.act 
(node_modules/react/cjs/react.development.js:884:10)
      at node_modules/@testing-library/react/dist/act-compat.js:46:25
      at renderRoot (node_modules/@testing-library/react/dist/pure.js:189:26)
      at render (node_modules/@testing-library/react/dist/pure.js:291:10)
      at Object.<anonymous> (__tests__/navbar.test.tsx:43:11)

  ΓùÅ Navbar Component ΓÇ║ calls logout API and redirects on logout click

    Element type is invalid: expected a string (for built-in components) or a 
class/function (for composite components) but got: object.

    Check the render method of `Navbar`.

    [0m [90m 56 |[39m     
[33mObject[39m[33m.[39mdefineProperty(window[33m,[39m 
[32m"localStorage"[39m[33m,[39m { value[33m:[39m mockLocalStorage })
     [90m 57 |[39m
    [31m[1m>[22m[39m[90m 58 |[39m     render([33m<[39m[33mNavbar[39m 
[33m/[39m[33m>[39m)
     [90m    |[39m           [31m[1m^[22m[39m
     [90m 59 |[39m     
fireEvent[33m.[39mclick(screen[33m.[39mgetByText([32m"Logout"[39m))
     [90m 60 |[39m
     [90m 61 |[39m     [36mawait[39m waitFor(() [33m=>[39m {[0m

      at createFiberFromTypeAndProps 
(node_modules/react-dom/cjs/react-dom-client.development.js:5021:28)
      at createFiberFromElement 
(node_modules/react-dom/cjs/react-dom-client.development.js:5035:14)
      at createChild 
(node_modules/react-dom/cjs/react-dom-client.development.js:6338:26)
      at reconcileChildrenArray 
(node_modules/react-dom/cjs/react-dom-client.development.js:6670:25)
      at reconcileChildFibersImpl 
(node_modules/react-dom/cjs/react-dom-client.development.js:6993:30)
      at node_modules/react-dom/cjs/react-dom-client.development.js:7098:33
      at reconcileChildren 
(node_modules/react-dom/cjs/react-dom-client.development.js:9701:13)
      at beginWork 
(node_modules/react-dom/cjs/react-dom-client.development.js:12126:13)
      at runWithFiberInDEV 
(node_modules/react-dom/cjs/react-dom-client.development.js:874:13)
      at performUnitOfWork 
(node_modules/react-dom/cjs/react-dom-client.development.js:17641:22)
      at workLoopSync 
(node_modules/react-dom/cjs/react-dom-client.development.js:17469:41)
      at renderRootSync 
(node_modules/react-dom/cjs/react-dom-client.development.js:17450:11)
      at performWorkOnRoot 
(node_modules/react-dom/cjs/react-dom-client.development.js:16583:35)
      at performWorkOnRootViaSchedulerTask 
(node_modules/react-dom/cjs/react-dom-client.development.js:18957:7)
      at flushActQueue (node_modules/react/cjs/react.development.js:590:34)
      at process.env.NODE_ENV.exports.act 
(node_modules/react/cjs/react.development.js:884:10)
      at node_modules/@testing-library/react/dist/act-compat.js:46:25
      at renderRoot (node_modules/@testing-library/react/dist/pure.js:189:26)
      at render (node_modules/@testing-library/react/dist/pure.js:291:10)
      at Object.<anonymous> (__tests__/navbar.test.tsx:58:11)

FAIL __tests__/register.test.tsx
  ΓùÅ Register Page ΓÇ║ renders register form correctly

    Element type is invalid: expected a string (for built-in components) or a 
class/function (for composite components) but got: object.

    Check the render method of `RegisterPage`.

    [0m [90m 21 |[39m
     [90m 22 |[39m   it([32m"renders register form 
correctly"[39m[33m,[39m () [33m=>[39m {
    [31m[1m>[22m[39m[90m 23 |[39m     
render([33m<[39m[33mRegisterPage[39m [33m/[39m[33m>[39m)
     [90m    |[39m           [31m[1m^[22m[39m
     [90m 24 |[39m     
expect(screen[33m.[39mgetByPlaceholderText([32m"John 
Doe"[39m))[33m.[39mtoBeInTheDocument()
     [90m 25 |[39m     expect(screen[33m.[39mgetByPlaceholderText([32m"you
@example.com"[39m))[33m.[39mtoBeInTheDocument()
     [90m 26 |[39m     expect(screen[33m.[39mgetByText([32m"Create 
Account ΓåÆ"[39m))[33m.[39mtoBeInTheDocument()[0m

      at createFiberFromTypeAndProps 
(node_modules/react-dom/cjs/react-dom-client.development.js:5021:28)
      at createFiberFromElement 
(node_modules/react-dom/cjs/react-dom-client.development.js:5035:14)
      at createChild 
(node_modules/react-dom/cjs/react-dom-client.development.js:6338:26)
      at reconcileChildrenArray 
(node_modules/react-dom/cjs/react-dom-client.development.js:6670:25)
      at reconcileChildFibersImpl 
(node_modules/react-dom/cjs/react-dom-client.development.js:6993:30)
      at node_modules/react-dom/cjs/react-dom-client.development.js:7098:33
      at reconcileChildren 
(node_modules/react-dom/cjs/react-dom-client.development.js:9701:13)
      at beginWork 
(node_modules/react-dom/cjs/react-dom-client.development.js:12049:13)
      at runWithFiberInDEV 
(node_modules/react-dom/cjs/react-dom-client.development.js:874:13)
      at performUnitOfWork 
(node_modules/react-dom/cjs/react-dom-client.development.js:17641:22)
      at workLoopSync 
(node_modules/react-dom/cjs/react-dom-client.development.js:17469:41)
      at renderRootSync 
(node_modules/react-dom/cjs/react-dom-client.development.js:17450:11)
      at performWorkOnRoot 
(node_modules/react-dom/cjs/react-dom-client.development.js:16583:35)
      at performWorkOnRootViaSchedulerTask 
(node_modules/react-dom/cjs/react-dom-client.development.js:18957:7)
      at flushActQueue (node_modules/react/cjs/react.development.js:590:34)
      at process.env.NODE_ENV.exports.act 
(node_modules/react/cjs/react.development.js:884:10)
      at node_modules/@testing-library/react/dist/act-compat.js:46:25
      at renderRoot (node_modules/@testing-library/react/dist/pure.js:189:26)
      at render (node_modules/@testing-library/react/dist/pure.js:291:10)
      at Object.<anonymous> (__tests__/register.test.tsx:23:11)

  ΓùÅ Register Page ΓÇ║ renders Orbot branding

    Element type is invalid: expected a string (for built-in components) or a 
class/function (for composite components) but got: object.

    Check the render method of `RegisterPage`.

    [0m [90m 28 |[39m
     [90m 29 |[39m   it([32m"renders Orbot branding"[39m[33m,[39m () 
[33m=>[39m {
    [31m[1m>[22m[39m[90m 30 |[39m     
render([33m<[39m[33mRegisterPage[39m [33m/[39m[33m>[39m)
     [90m    |[39m           [31m[1m^[22m[39m
     [90m 31 |[39m     expect(screen[33m.[39mgetByText([32m"Orbot"[39m))
[33m.[39mtoBeInTheDocument()
     [90m 32 |[39m     expect(screen[33m.[39mgetByText([32m"Create 
Account"[39m))[33m.[39mtoBeInTheDocument()
     [90m 33 |[39m   })[0m

      at createFiberFromTypeAndProps 
(node_modules/react-dom/cjs/react-dom-client.development.js:5021:28)
      at createFiberFromElement 
(node_modules/react-dom/cjs/react-dom-client.development.js:5035:14)
      at createChild 
(node_modules/react-dom/cjs/react-dom-client.development.js:6338:26)
      at reconcileChildrenArray 
(node_modules/react-dom/cjs/react-dom-client.development.js:6670:25)
      at reconcileChildFibersImpl 
(node_modules/react-dom/cjs/react-dom-client.development.js:6993:30)
      at node_modules/react-dom/cjs/react-dom-client.development.js:7098:33
      at reconcileChildren 
(node_modules/react-dom/cjs/react-dom-client.development.js:9701:13)
      at beginWork 
(node_modules/react-dom/cjs/react-dom-client.development.js:12049:13)
      at runWithFiberInDEV 
(node_modules/react-dom/cjs/react-dom-client.development.js:874:13)
      at performUnitOfWork 
(node_modules/react-dom/cjs/react-dom-client.development.js:17641:22)
      at workLoopSync 
(node_modules/react-dom/cjs/react-dom-client.development.js:17469:41)
      at renderRootSync 
(node_modules/react-dom/cjs/react-dom-client.development.js:17450:11)
      at performWorkOnRoot 
(node_modules/react-dom/cjs/react-dom-client.development.js:16583:35)
      at performWorkOnRootViaSchedulerTask 
(node_modules/react-dom/cjs/react-dom-client.development.js:18957:7)
      at flushActQueue (node_modules/react/cjs/react.development.js:590:34)
      at process.env.NODE_ENV.exports.act 
(node_modules/react/cjs/react.development.js:884:10)
      at node_modules/@testing-library/react/dist/act-compat.js:46:25
      at renderRoot (node_modules/@testing-library/react/dist/pure.js:189:26)
      at render (node_modules/@testing-library/react/dist/pure.js:291:10)
      at Object.<anonymous> (__tests__/register.test.tsx:30:11)

  ΓùÅ Register Page ΓÇ║ shows error on failed registration

    Element type is invalid: expected a string (for built-in components) or a 
class/function (for composite components) but got: object.

    Check the render method of `RegisterPage`.

    [0m [90m 38 |[39m       json[33m:[39m [36masync[39m () [33m=>[39m 
({ error[33m:[39m [32m"Email already exists"[39m })[33m,[39m
     [90m 39 |[39m     } [36mas[39m unknown [36mas[39m 
[33mResponse[39m)
    [31m[1m>[22m[39m[90m 40 |[39m     
render([33m<[39m[33mRegisterPage[39m [33m/[39m[33m>[39m)
     [90m    |[39m           [31m[1m^[22m[39m
     [90m 41 |[39m     
fireEvent[33m.[39mchange(screen[33m.[39mgetByPlaceholderText([32m"John 
Doe"[39m)[33m,[39m {
     [90m 42 |[39m       target[33m:[39m { value[33m:[39m 
[32m"John"[39m }[33m,[39m
     [90m 43 |[39m     })[0m

      at createFiberFromTypeAndProps 
(node_modules/react-dom/cjs/react-dom-client.development.js:5021:28)
      at createFiberFromElement 
(node_modules/react-dom/cjs/react-dom-client.development.js:5035:14)
      at createChild 
(node_modules/react-dom/cjs/react-dom-client.development.js:6338:26)
      at reconcileChildrenArray 
(node_modules/react-dom/cjs/react-dom-client.development.js:6670:25)
      at reconcileChildFibersImpl 
(node_modules/react-dom/cjs/react-dom-client.development.js:6993:30)
      at node_modules/react-dom/cjs/react-dom-client.development.js:7098:33
      at reconcileChildren 
(node_modules/react-dom/cjs/react-dom-client.development.js:9701:13)
      at beginWork 
(node_modules/react-dom/cjs/react-dom-client.development.js:12049:13)
      at runWithFiberInDEV 
(node_modules/react-dom/cjs/react-dom-client.development.js:874:13)
      at performUnitOfWork 
(node_modules/react-dom/cjs/react-dom-client.development.js:17641:22)
      at workLoopSync 
(node_modules/react-dom/cjs/react-dom-client.development.js:17469:41)
      at renderRootSync 
(node_modules/react-dom/cjs/react-dom-client.development.js:17450:11)
      at performWorkOnRoot 
(node_modules/react-dom/cjs/react-dom-client.development.js:16583:35)
      at performWorkOnRootViaSchedulerTask 
(node_modules/react-dom/cjs/react-dom-client.development.js:18957:7)
      at flushActQueue (node_modules/react/cjs/react.development.js:590:34)
      at process.env.NODE_ENV.exports.act 
(node_modules/react/cjs/react.development.js:884:10)
      at node_modules/@testing-library/react/dist/act-compat.js:46:25
      at renderRoot (node_modules/@testing-library/react/dist/pure.js:189:26)
      at render (node_modules/@testing-library/react/dist/pure.js:291:10)
      at Object.<anonymous> (__tests__/register.test.tsx:40:11)

  ΓùÅ Register Page ΓÇ║ redirects to login on successful registration

    Element type is invalid: expected a string (for built-in components) or a 
class/function (for composite components) but got: object.

    Check the render method of `RegisterPage`.

    [0m [90m 61 |[39m       json[33m:[39m [36masync[39m () [33m=>[39m 
({})[33m,[39m
     [90m 62 |[39m     } [36mas[39m unknown [36mas[39m 
[33mResponse[39m)
    [31m[1m>[22m[39m[90m 63 |[39m     
render([33m<[39m[33mRegisterPage[39m [33m/[39m[33m>[39m)
     [90m    |[39m           [31m[1m^[22m[39m
     [90m 64 |[39m     
fireEvent[33m.[39mchange(screen[33m.[39mgetByPlaceholderText([32m"John 
Doe"[39m)[33m,[39m {
     [90m 65 |[39m       target[33m:[39m { value[33m:[39m 
[32m"John"[39m }[33m,[39m
     [90m 66 |[39m     })[0m

      at createFiberFromTypeAndProps 
(node_modules/react-dom/cjs/react-dom-client.development.js:5021:28)
      at createFiberFromElement 
(node_modules/react-dom/cjs/react-dom-client.development.js:5035:14)
      at createChild 
(node_modules/react-dom/cjs/react-dom-client.development.js:6338:26)
      at reconcileChildrenArray 
(node_modules/react-dom/cjs/react-dom-client.development.js:6670:25)
      at reconcileChildFibersImpl 
(node_modules/react-dom/cjs/react-dom-client.development.js:6993:30)
      at node_modules/react-dom/cjs/react-dom-client.development.js:7098:33
      at reconcileChildren 
(node_modules/react-dom/cjs/react-dom-client.development.js:9701:13)
      at beginWork 
(node_modules/react-dom/cjs/react-dom-client.development.js:12049:13)
      at runWithFiberInDEV 
(node_modules/react-dom/cjs/react-dom-client.development.js:874:13)
      at performUnitOfWork 
(node_modules/react-dom/cjs/react-dom-client.development.js:17641:22)
      at workLoopSync 
(node_modules/react-dom/cjs/react-dom-client.development.js:17469:41)
      at renderRootSync 
(node_modules/react-dom/cjs/react-dom-client.development.js:17450:11)
      at performWorkOnRoot 
(node_modules/react-dom/cjs/react-dom-client.development.js:16583:35)
      at performWorkOnRootViaSchedulerTask 
(node_modules/react-dom/cjs/react-dom-client.development.js:18957:7)
      at flushActQueue (node_modules/react/cjs/react.development.js:590:34)
      at process.env.NODE_ENV.exports.act 
(node_modules/react/cjs/react.development.js:884:10)
      at node_modules/@testing-library/react/dist/act-compat.js:46:25
      at renderRoot (node_modules/@testing-library/react/dist/pure.js:189:26)
      at render (node_modules/@testing-library/react/dist/pure.js:291:10)
      at Object.<anonymous> (__tests__/register.test.tsx:63:11)

  ΓùÅ Register Page ΓÇ║ shows loading state while creating account

    Element type is invalid: expected a string (for built-in components) or a 
class/function (for composite components) but got: object.

    Check the render method of `RegisterPage`.

    [0m [90m 79 |[39m   it([32m"shows loading state while creating 
account"[39m[33m,[39m [36masync[39m () [33m=>[39m {
     [90m 80 |[39m     [33m;[39m(fetch [36mas[39m 
jest[33m.[39m[33mMockedFunction[39m[33m<[39m[36mtypeof[39m 
fetch[33m>[39m)[33m.[39mmockImplementation(() [33m=>[39m [36mnew[39m 
[33mPromise[39m(() [33m=>[39m {}))
    [31m[1m>[22m[39m[90m 81 |[39m     
render([33m<[39m[33mRegisterPage[39m [33m/[39m[33m>[39m)
     [90m    |[39m           [31m[1m^[22m[39m
     [90m 82 |[39m     
fireEvent[33m.[39mchange(screen[33m.[39mgetByPlaceholderText([32m"John 
Doe"[39m)[33m,[39m {
     [90m 83 |[39m       target[33m:[39m { value[33m:[39m 
[32m"John"[39m }[33m,[39m
     [90m 84 |[39m     })[0m

      at createFiberFromTypeAndProps 
(node_modules/react-dom/cjs/react-dom-client.development.js:5021:28)
      at createFiberFromElement 
(node_modules/react-dom/cjs/react-dom-client.development.js:5035:14)
      at createChild 
(node_modules/react-dom/cjs/react-dom-client.development.js:6338:26)
      at reconcileChildrenArray 
(node_modules/react-dom/cjs/react-dom-client.development.js:6670:25)
      at reconcileChildFibersImpl 
(node_modules/react-dom/cjs/react-dom-client.development.js:6993:30)
      at node_modules/react-dom/cjs/react-dom-client.development.js:7098:33
      at reconcileChildren 
(node_modules/react-dom/cjs/react-dom-client.development.js:9701:13)
      at beginWork 
(node_modules/react-dom/cjs/react-dom-client.development.js:12049:13)
      at runWithFiberInDEV 
(node_modules/react-dom/cjs/react-dom-client.development.js:874:13)
      at performUnitOfWork 
(node_modules/react-dom/cjs/react-dom-client.development.js:17641:22)
      at workLoopSync 
(node_modules/react-dom/cjs/react-dom-client.development.js:17469:41)
      at renderRootSync 
(node_modules/react-dom/cjs/react-dom-client.development.js:17450:11)
      at performWorkOnRoot 
(node_modules/react-dom/cjs/react-dom-client.development.js:16583:35)
      at performWorkOnRootViaSchedulerTask 
(node_modules/react-dom/cjs/react-dom-client.development.js:18957:7)
      at flushActQueue (node_modules/react/cjs/react.development.js:590:34)
      at process.env.NODE_ENV.exports.act 
(node_modules/react/cjs/react.development.js:884:10)
      at node_modules/@testing-library/react/dist/act-compat.js:46:25
      at renderRoot (node_modules/@testing-library/react/dist/pure.js:189:26)
      at render (node_modules/@testing-library/react/dist/pure.js:291:10)
      at Object.<anonymous> (__tests__/register.test.tsx:81:11)

  ΓùÅ Register Page ΓÇ║ has a link to login page

    Element type is invalid: expected a string (for built-in components) or a 
class/function (for composite components) but got: object.

    Check the render method of `RegisterPage`.

    [0m [90m  96 |[39m
     [90m  97 |[39m   it([32m"has a link to login page"[39m[33m,[39m () 
[33m=>[39m {
    [31m[1m>[22m[39m[90m  98 |[39m     
render([33m<[39m[33mRegisterPage[39m [33m/[39m[33m>[39m)
     [90m     |[39m           [31m[1m^[22m[39m
     [90m  99 |[39m     expect(screen[33m.[39mgetByText([32m"Sign 
in"[39m))[33m.[39mtoBeInTheDocument()
     [90m 100 |[39m   })
     [90m 101 |[39m })[0m

      at createFiberFromTypeAndProps 
(node_modules/react-dom/cjs/react-dom-client.development.js:5021:28)
      at createFiberFromElement 
(node_modules/react-dom/cjs/react-dom-client.development.js:5035:14)
      at createChild 
(node_modules/react-dom/cjs/react-dom-client.development.js:6338:26)
      at reconcileChildrenArray 
(node_modules/react-dom/cjs/react-dom-client.development.js:6670:25)
      at reconcileChildFibersImpl 
(node_modules/react-dom/cjs/react-dom-client.development.js:6993:30)
      at node_modules/react-dom/cjs/react-dom-client.development.js:7098:33
      at reconcileChildren 
(node_modules/react-dom/cjs/react-dom-client.development.js:9701:13)
      at beginWork 
(node_modules/react-dom/cjs/react-dom-client.development.js:12049:13)
      at runWithFiberInDEV 
(node_modules/react-dom/cjs/react-dom-client.development.js:874:13)
      at performUnitOfWork 
(node_modules/react-dom/cjs/react-dom-client.development.js:17641:22)
      at workLoopSync 
(node_modules/react-dom/cjs/react-dom-client.development.js:17469:41)
      at renderRootSync 
(node_modules/react-dom/cjs/react-dom-client.development.js:17450:11)
      at performWorkOnRoot 
(node_modules/react-dom/cjs/react-dom-client.development.js:16583:35)
      at performWorkOnRootViaSchedulerTask 
(node_modules/react-dom/cjs/react-dom-client.development.js:18957:7)
      at flushActQueue (node_modules/react/cjs/react.development.js:590:34)
      at process.env.NODE_ENV.exports.act 
(node_modules/react/cjs/react.development.js:884:10)
      at node_modules/@testing-library/react/dist/act-compat.js:46:25
      at renderRoot (node_modules/@testing-library/react/dist/pure.js:189:26)
      at render (node_modules/@testing-library/react/dist/pure.js:291:10)
      at Object.<anonymous> (__tests__/register.test.tsx:98:11)

FAIL __tests__/login.test.tsx
  ΓùÅ Login Page ΓÇ║ renders login form correctly

    Element type is invalid: expected a string (for built-in components) or a 
class/function (for composite components) but got: object.

    Check the render method of `LoginPage`.

    [0m [90m 42 |[39m
     [90m 43 |[39m   it([32m"renders login form correctly"[39m[33m,[39m 
() [33m=>[39m {
    [31m[1m>[22m[39m[90m 44 |[39m     
render([33m<[39m[33mLoginPage[39m [33m/[39m[33m>[39m)
     [90m    |[39m           [31m[1m^[22m[39m
     [90m 45 |[39m     expect(screen[33m.[39mgetByPlaceholderText([32m"you
@example.com"[39m))[33m.[39mtoBeInTheDocument()
     [90m 46 |[39m     
expect(screen[33m.[39mgetByPlaceholderText([32m"Enter your password 
here"[39m))[33m.[39mtoBeInTheDocument()
     [90m 47 |[39m     expect(screen[33m.[39mgetByText([32m"Sign In 
ΓåÆ"[39m))[33m.[39mtoBeInTheDocument()[0m

      at createFiberFromTypeAndProps 
(node_modules/react-dom/cjs/react-dom-client.development.js:5021:28)
      at createFiberFromElement 
(node_modules/react-dom/cjs/react-dom-client.development.js:5035:14)
      at createChild 
(node_modules/react-dom/cjs/react-dom-client.development.js:6338:26)
      at reconcileChildrenArray 
(node_modules/react-dom/cjs/react-dom-client.development.js:6670:25)
      at reconcileChildFibersImpl 
(node_modules/react-dom/cjs/react-dom-client.development.js:6993:30)
      at node_modules/react-dom/cjs/react-dom-client.development.js:7098:33
      at reconcileChildren 
(node_modules/react-dom/cjs/react-dom-client.development.js:9701:13)
      at beginWork 
(node_modules/react-dom/cjs/react-dom-client.development.js:12049:13)
      at runWithFiberInDEV 
(node_modules/react-dom/cjs/react-dom-client.development.js:874:13)
      at performUnitOfWork 
(node_modules/react-dom/cjs/react-dom-client.development.js:17641:22)
      at workLoopSync 
(node_modules/react-dom/cjs/react-dom-client.development.js:17469:41)
      at renderRootSync 
(node_modules/react-dom/cjs/react-dom-client.development.js:17450:11)
      at performWorkOnRoot 
(node_modules/react-dom/cjs/react-dom-client.development.js:16583:35)
      at performWorkOnRootViaSchedulerTask 
(node_modules/react-dom/cjs/react-dom-client.development.js:18957:7)
      at flushActQueue (node_modules/react/cjs/react.development.js:590:34)
      at process.env.NODE_ENV.exports.act 
(node_modules/react/cjs/react.development.js:884:10)
      at node_modules/@testing-library/react/dist/act-compat.js:46:25
      at renderRoot (node_modules/@testing-library/react/dist/pure.js:189:26)
      at render (node_modules/@testing-library/react/dist/pure.js:291:10)
      at Object.<anonymous> (__tests__/login.test.tsx:44:11)

  ΓùÅ Login Page ΓÇ║ renders Orbot branding

    Element type is invalid: expected a string (for built-in components) or a 
class/function (for composite components) but got: object.

    Check the render method of `LoginPage`.

    [0m [90m 50 |[39m
     [90m 51 |[39m   it([32m"renders Orbot branding"[39m[33m,[39m () 
[33m=>[39m {
    [31m[1m>[22m[39m[90m 52 |[39m     
render([33m<[39m[33mLoginPage[39m [33m/[39m[33m>[39m)
     [90m    |[39m           [31m[1m^[22m[39m
     [90m 53 |[39m     expect(screen[33m.[39mgetByText([32m"Orbot"[39m))
[33m.[39mtoBeInTheDocument()
     [90m 54 |[39m     expect(screen[33m.[39mgetByText([32m"Welcome 
Back"[39m))[33m.[39mtoBeInTheDocument()
     [90m 55 |[39m   })[0m

      at createFiberFromTypeAndProps 
(node_modules/react-dom/cjs/react-dom-client.development.js:5021:28)
      at createFiberFromElement 
(node_modules/react-dom/cjs/react-dom-client.development.js:5035:14)
      at createChild 
(node_modules/react-dom/cjs/react-dom-client.development.js:6338:26)
      at reconcileChildrenArray 
(node_modules/react-dom/cjs/react-dom-client.development.js:6670:25)
      at reconcileChildFibersImpl 
(node_modules/react-dom/cjs/react-dom-client.development.js:6993:30)
      at node_modules/react-dom/cjs/react-dom-client.development.js:7098:33
      at reconcileChildren 
(node_modules/react-dom/cjs/react-dom-client.development.js:9701:13)
      at beginWork 
(node_modules/react-dom/cjs/react-dom-client.development.js:12049:13)
      at runWithFiberInDEV 
(node_modules/react-dom/cjs/react-dom-client.development.js:874:13)
      at performUnitOfWork 
(node_modules/react-dom/cjs/react-dom-client.development.js:17641:22)
      at workLoopSync 
(node_modules/react-dom/cjs/react-dom-client.development.js:17469:41)
      at renderRootSync 
(node_modules/react-dom/cjs/react-dom-client.development.js:17450:11)
      at performWorkOnRoot 
(node_modules/react-dom/cjs/react-dom-client.development.js:16583:35)
      at performWorkOnRootViaSchedulerTask 
(node_modules/react-dom/cjs/react-dom-client.development.js:18957:7)
      at flushActQueue (node_modules/react/cjs/react.development.js:590:34)
      at process.env.NODE_ENV.exports.act 
(node_modules/react/cjs/react.development.js:884:10)
      at node_modules/@testing-library/react/dist/act-compat.js:46:25
      at renderRoot (node_modules/@testing-library/react/dist/pure.js:189:26)
      at render (node_modules/@testing-library/react/dist/pure.js:291:10)
      at Object.<anonymous> (__tests__/login.test.tsx:52:11)

  ΓùÅ Login Page ΓÇ║ shows error message on failed login

    Element type is invalid: expected a string (for built-in components) or a 
class/function (for composite components) but got: object.

    Check the render method of `LoginPage`.

    [0m [90m 61 |[39m       json[33m:[39m [36masync[39m () [33m=>[39m 
({ error[33m:[39m [32m"Invalid credentials"[39m })[33m,[39m
     [90m 62 |[39m     } [36mas[39m unknown [36mas[39m 
[33mResponse[39m)
    [31m[1m>[22m[39m[90m 63 |[39m     
render([33m<[39m[33mLoginPage[39m [33m/[39m[33m>[39m)
     [90m    |[39m           [31m[1m^[22m[39m
     [90m 64 |[39m     fireEvent[33m.[39mchange(screen[33m.[39mgetByPlace
holderText([32m"you@example.com"[39m)[33m,[39m {
     [90m 65 |[39m       target[33m:[39m { value[33m:[39m 
[32m"wrong@email.com"[39m }[33m,[39m
     [90m 66 |[39m     })[0m

      at createFiberFromTypeAndProps 
(node_modules/react-dom/cjs/react-dom-client.development.js:5021:28)
      at createFiberFromElement 
(node_modules/react-dom/cjs/react-dom-client.development.js:5035:14)
      at createChild 
(node_modules/react-dom/cjs/react-dom-client.development.js:6338:26)
      at reconcileChildrenArray 
(node_modules/react-dom/cjs/react-dom-client.development.js:6670:25)
      at reconcileChildFibersImpl 
(node_modules/react-dom/cjs/react-dom-client.development.js:6993:30)
      at node_modules/react-dom/cjs/react-dom-client.development.js:7098:33
      at reconcileChildren 
(node_modules/react-dom/cjs/react-dom-client.development.js:9701:13)
      at beginWork 
(node_modules/react-dom/cjs/react-dom-client.development.js:12049:13)
      at runWithFiberInDEV 
(node_modules/react-dom/cjs/react-dom-client.development.js:874:13)
      at performUnitOfWork 
(node_modules/react-dom/cjs/react-dom-client.development.js:17641:22)
      at workLoopSync 
(node_modules/react-dom/cjs/react-dom-client.development.js:17469:41)
      at renderRootSync 
(node_modules/react-dom/cjs/react-dom-client.development.js:17450:11)
      at performWorkOnRoot 
(node_modules/react-dom/cjs/react-dom-client.development.js:16583:35)
      at performWorkOnRootViaSchedulerTask 
(node_modules/react-dom/cjs/react-dom-client.development.js:18957:7)
      at flushActQueue (node_modules/react/cjs/react.development.js:590:34)
      at process.env.NODE_ENV.exports.act 
(node_modules/react/cjs/react.development.js:884:10)
      at node_modules/@testing-library/react/dist/act-compat.js:46:25
      at renderRoot (node_modules/@testing-library/react/dist/pure.js:189:26)
      at render (node_modules/@testing-library/react/dist/pure.js:291:10)
      at Object.<anonymous> (__tests__/login.test.tsx:63:11)

  ΓùÅ Login Page ΓÇ║ redirects to dashboard on successful login

    Element type is invalid: expected a string (for built-in components) or a 
class/function (for composite components) but got: object.

    Check the render method of `LoginPage`.

    [0m [90m 84 |[39m       json[33m:[39m [36masync[39m () [33m=>[39m 
({ user[33m:[39m { name[33m:[39m [32m"John"[39m[33m,[39m 
email[33m:[39m [32m"john@email.com"[39m } })[33m,[39m
     [90m 85 |[39m     } [36mas[39m unknown [36mas[39m 
[33mResponse[39m)
    [31m[1m>[22m[39m[90m 86 |[39m     
render([33m<[39m[33mLoginPage[39m [33m/[39m[33m>[39m)
     [90m    |[39m           [31m[1m^[22m[39m
     [90m 87 |[39m     fireEvent[33m.[39mchange(screen[33m.[39mgetByPlace
holderText([32m"you@example.com"[39m)[33m,[39m {
     [90m 88 |[39m       target[33m:[39m { value[33m:[39m 
[32m"john@email.com"[39m }[33m,[39m
     [90m 89 |[39m     })[0m

      at createFiberFromTypeAndProps 
(node_modules/react-dom/cjs/react-dom-client.development.js:5021:28)
      at createFiberFromElement 
(node_modules/react-dom/cjs/react-dom-client.development.js:5035:14)
      at createChild 
(node_modules/react-dom/cjs/react-dom-client.development.js:6338:26)
      at reconcileChildrenArray 
(node_modules/react-dom/cjs/react-dom-client.development.js:6670:25)
      at reconcileChildFibersImpl 
(node_modules/react-dom/cjs/react-dom-client.development.js:6993:30)
      at node_modules/react-dom/cjs/react-dom-client.development.js:7098:33
      at reconcileChildren 
(node_modules/react-dom/cjs/react-dom-client.development.js:9701:13)
      at beginWork 
(node_modules/react-dom/cjs/react-dom-client.development.js:12049:13)
      at runWithFiberInDEV 
(node_modules/react-dom/cjs/react-dom-client.development.js:874:13)
      at performUnitOfWork 
(node_modules/react-dom/cjs/react-dom-client.development.js:17641:22)
      at workLoopSync 
(node_modules/react-dom/cjs/react-dom-client.development.js:17469:41)
      at renderRootSync 
(node_modules/react-dom/cjs/react-dom-client.development.js:17450:11)
      at performWorkOnRoot 
(node_modules/react-dom/cjs/react-dom-client.development.js:16583:35)
      at performWorkOnRootViaSchedulerTask 
(node_modules/react-dom/cjs/react-dom-client.development.js:18957:7)
      at flushActQueue (node_modules/react/cjs/react.development.js:590:34)
      at process.env.NODE_ENV.exports.act 
(node_modules/react/cjs/react.development.js:884:10)
      at node_modules/@testing-library/react/dist/act-compat.js:46:25
      at renderRoot (node_modules/@testing-library/react/dist/pure.js:189:26)
      at render (node_modules/@testing-library/react/dist/pure.js:291:10)
      at Object.<anonymous> (__tests__/login.test.tsx:86:11)

  ΓùÅ Login Page ΓÇ║ shows loading state while signing in

    Element type is invalid: expected a string (for built-in components) or a 
class/function (for composite components) but got: object.

    Check the render method of `LoginPage`.

    [0m [90m 100 |[39m   it([32m"shows loading state while signing 
in"[39m[33m,[39m [36masync[39m () [33m=>[39m {
     [90m 101 |[39m     [33m;[39m(fetch [36mas[39m 
jest[33m.[39m[33mMockedFunction[39m[33m<[39m[36mtypeof[39m 
fetch[33m>[39m)[33m.[39mmockImplementation(() [33m=>[39m [36mnew[39m 
[33mPromise[39m(() [33m=>[39m {}))
    [31m[1m>[22m[39m[90m 102 |[39m     
render([33m<[39m[33mLoginPage[39m [33m/[39m[33m>[39m)
     [90m     |[39m           [31m[1m^[22m[39m
     [90m 103 |[39m     fireEvent[33m.[39mchange(screen[33m.[39mgetByPlac
eholderText([32m"you@example.com"[39m)[33m,[39m {
     [90m 104 |[39m       target[33m:[39m { value[33m:[39m 
[32m"john@email.com"[39m }[33m,[39m
     [90m 105 |[39m     })[0m

      at createFiberFromTypeAndProps 
(node_modules/react-dom/cjs/react-dom-client.development.js:5021:28)
      at createFiberFromElement 
(node_modules/react-dom/cjs/react-dom-client.development.js:5035:14)
      at createChild 
(node_modules/react-dom/cjs/react-dom-client.development.js:6338:26)
      at reconcileChildrenArray 
(node_modules/react-dom/cjs/react-dom-client.development.js:6670:25)
      at reconcileChildFibersImpl 
(node_modules/react-dom/cjs/react-dom-client.development.js:6993:30)
      at node_modules/react-dom/cjs/react-dom-client.development.js:7098:33
      at reconcileChildren 
(node_modules/react-dom/cjs/react-dom-client.development.js:9701:13)
      at beginWork 
(node_modules/react-dom/cjs/react-dom-client.development.js:12049:13)
      at runWithFiberInDEV 
(node_modules/react-dom/cjs/react-dom-client.development.js:874:13)
      at performUnitOfWork 
(node_modules/react-dom/cjs/react-dom-client.development.js:17641:22)
      at workLoopSync 
(node_modules/react-dom/cjs/react-dom-client.development.js:17469:41)
      at renderRootSync 
(node_modules/react-dom/cjs/react-dom-client.development.js:17450:11)
      at performWorkOnRoot 
(node_modules/react-dom/cjs/react-dom-client.development.js:16583:35)
      at performWorkOnRootViaSchedulerTask 
(node_modules/react-dom/cjs/react-dom-client.development.js:18957:7)
      at flushActQueue (node_modules/react/cjs/react.development.js:590:34)
      at process.env.NODE_ENV.exports.act 
(node_modules/react/cjs/react.development.js:884:10)
      at node_modules/@testing-library/react/dist/act-compat.js:46:25
      at renderRoot (node_modules/@testing-library/react/dist/pure.js:189:26)
      at render (node_modules/@testing-library/react/dist/pure.js:291:10)
      at Object.<anonymous> (__tests__/login.test.tsx:102:11)

  ΓùÅ Login Page ΓÇ║ has a link to register page

    Element type is invalid: expected a string (for built-in components) or a 
class/function (for composite components) but got: object.

    Check the render method of `LoginPage`.

    [0m [90m 115 |[39m
     [90m 116 |[39m   it([32m"has a link to register page"[39m[33m,[39m 
() [33m=>[39m {
    [31m[1m>[22m[39m[90m 117 |[39m     
render([33m<[39m[33mLoginPage[39m [33m/[39m[33m>[39m)
     [90m     |[39m           [31m[1m^[22m[39m
     [90m 118 |[39m     expect(screen[33m.[39mgetByText([32m"Register"[39
m))[33m.[39mtoBeInTheDocument()
     [90m 119 |[39m   })
     [90m 120 |[39m })[0m

      at createFiberFromTypeAndProps 
(node_modules/react-dom/cjs/react-dom-client.development.js:5021:28)
      at createFiberFromElement 
(node_modules/react-dom/cjs/react-dom-client.development.js:5035:14)
      at createChild 
(node_modules/react-dom/cjs/react-dom-client.development.js:6338:26)
      at reconcileChildrenArray 
(node_modules/react-dom/cjs/react-dom-client.development.js:6670:25)
      at reconcileChildFibersImpl 
(node_modules/react-dom/cjs/react-dom-client.development.js:6993:30)
      at node_modules/react-dom/cjs/react-dom-client.development.js:7098:33
      at reconcileChildren 
(node_modules/react-dom/cjs/react-dom-client.development.js:9701:13)
      at beginWork 
(node_modules/react-dom/cjs/react-dom-client.development.js:12049:13)
      at runWithFiberInDEV 
(node_modules/react-dom/cjs/react-dom-client.development.js:874:13)
      at performUnitOfWork 
(node_modules/react-dom/cjs/react-dom-client.development.js:17641:22)
      at workLoopSync 
(node_modules/react-dom/cjs/react-dom-client.development.js:17469:41)
      at renderRootSync 
(node_modules/react-dom/cjs/react-dom-client.development.js:17450:11)
      at performWorkOnRoot 
(node_modules/react-dom/cjs/react-dom-client.development.js:16583:35)
      at performWorkOnRootViaSchedulerTask 
(node_modules/react-dom/cjs/react-dom-client.development.js:18957:7)
      at flushActQueue (node_modules/react/cjs/react.development.js:590:34)
      at process.env.NODE_ENV.exports.act 
(node_modules/react/cjs/react.development.js:884:10)
      at node_modules/@testing-library/react/dist/act-compat.js:46:25
      at renderRoot (node_modules/@testing-library/react/dist/pure.js:189:26)
      at render (node_modules/@testing-library/react/dist/pure.js:291:10)
      at Object.<anonymous> (__tests__/login.test.tsx:117:11)

PASS __tests__/ask.test.tsx
FAIL __tests__/history.test.tsx (8.253 s)
  ΓùÅ Console

    console.error
      Error: Element type is invalid: expected a string (for built-in 
components) or a class/function (for composite components) but got: object.
      
      Check the render method of `HistoryPage`.
          at createFiberFromTypeAndProps (C:\Users\Joel\Desktop\PersonalProject
s\WADSProject\node_modules\react-dom\cjs\react-dom-client.development.js:5021:2
8)
          at createFiberFromElement (C:\Users\Joel\Desktop\PersonalProjects\WAD
SProject\node_modules\react-dom\cjs\react-dom-client.development.js:5035:14)
          at createChild (C:\Users\Joel\Desktop\PersonalProjects\WADSProject\no
de_modules\react-dom\cjs\react-dom-client.development.js:6338:26)
          at reconcileChildrenArray (C:\Users\Joel\Desktop\PersonalProjects\WAD
SProject\node_modules\react-dom\cjs\react-dom-client.development.js:6670:25)
          at reconcileChildFibersImpl (C:\Users\Joel\Desktop\PersonalProjects\W
ADSProject\node_modules\react-dom\cjs\react-dom-client.development.js:6993:30)
          at C:\Users\Joel\Desktop\PersonalProjects\WADSProject\node_modules\re
act-dom\cjs\react-dom-client.development.js:7098:33
          at reconcileChildren (C:\Users\Joel\Desktop\PersonalProjects\WADSProj
ect\node_modules\react-dom\cjs\react-dom-client.development.js:9701:13)
          at beginWork (C:\Users\Joel\Desktop\PersonalProjects\WADSProject\node
_modules\react-dom\cjs\react-dom-client.development.js:12049:13)
          at runWithFiberInDEV (C:\Users\Joel\Desktop\PersonalProjects\WADSProj
ect\node_modules\react-dom\cjs\react-dom-client.development.js:874:13)
          at performUnitOfWork (C:\Users\Joel\Desktop\PersonalProjects\WADSProj
ect\node_modules\react-dom\cjs\react-dom-client.development.js:17641:22)
          at workLoopSync (C:\Users\Joel\Desktop\PersonalProjects\WADSProject\n
ode_modules\react-dom\cjs\react-dom-client.development.js:17469:41)
          at renderRootSync (C:\Users\Joel\Desktop\PersonalProjects\WADSProject
\node_modules\react-dom\cjs\react-dom-client.development.js:17450:11)
          at performWorkOnRoot (C:\Users\Joel\Desktop\PersonalProjects\WADSProj
ect\node_modules\react-dom\cjs\react-dom-client.development.js:16583:35)
          at performWorkOnRootViaSchedulerTask (C:\Users\Joel\Desktop\PersonalP
rojects\WADSProject\node_modules\react-dom\cjs\react-dom-client.development.js:
18957:7)
          at performWorkUntilDeadline (C:\Users\Joel\Desktop\PersonalProjects\W
ADSProject\node_modules\scheduler\cjs\scheduler.development.js:45:48)
          at Timeout.task [as _onTimeout] (C:\Users\Joel\Desktop\PersonalProjec
ts\WADSProject\node_modules\jsdom\lib\jsdom\browser\Window.js:579:19)
          at listOnTimeout (node:internal/timers:605:17)
          at processTimers (node:internal/timers:541:7)

    [0m [90m 43 |[39m       [36mreturn[39m
     [90m 44 |[39m     }
    [31m[1m>[22m[39m[90m 45 |[39m     
originalError[33m.[39mcall(console[33m,[39m [33m...[39margs)
     [90m    |[39m                   [31m[1m^[22m[39m
     [90m 46 |[39m   }
     [90m 47 |[39m })
     [90m 48 |[39m[0m

      at console.error (jest.setup.ts:45:19)
      at process.env.NODE_ENV.reportGlobalError 
(node_modules/react-dom/cjs/react-dom-client.development.js:25513:23)
      at defaultOnUncaughtError 
(node_modules/react-dom/cjs/react-dom-client.development.js:9361:7)
      at logUncaughtError 
(node_modules/react-dom/cjs/react-dom-client.development.js:9431:11)
      at runWithFiberInDEV 
(node_modules/react-dom/cjs/react-dom-client.development.js:874:13)
      at lane.callback 
(node_modules/react-dom/cjs/react-dom-client.development.js:9461:9)
      at callCallback 
(node_modules/react-dom/cjs/react-dom-client.development.js:7423:16)
      at commitCallbacks 
(node_modules/react-dom/cjs/react-dom-client.development.js:7443:11)
      at runWithFiberInDEV 
(node_modules/react-dom/cjs/react-dom-client.development.js:874:13)
      at commitLayoutEffectOnFiber 
(node_modules/react-dom/cjs/react-dom-client.development.js:14047:15)
      at flushLayoutEffects 
(node_modules/react-dom/cjs/react-dom-client.development.js:18138:15)
      at commitRoot 
(node_modules/react-dom/cjs/react-dom-client.development.js:17954:9)
      at commitRootWhenReady 
(node_modules/react-dom/cjs/react-dom-client.development.js:16824:7)
      at performWorkOnRoot 
(node_modules/react-dom/cjs/react-dom-client.development.js:16722:15)
      at performWorkOnRootViaSchedulerTask 
(node_modules/react-dom/cjs/react-dom-client.development.js:18957:7)
      at performWorkUntilDeadline 
(node_modules/scheduler/cjs/scheduler.development.js:45:48)
      at Timeout.task [as _onTimeout] 
(node_modules/jsdom/lib/jsdom/browser/Window.js:579:19)

    console.warn
      An error occurred in the <div> component.
      
      Consider adding an error boundary to your tree to customize error 
handling behavior.
      Visit https://react.dev/link/error-boundaries to learn more about error 
boundaries.

      at defaultOnUncaughtError 
(node_modules/react-dom/cjs/react-dom-client.development.js:9362:15)
      at logUncaughtError 
(node_modules/react-dom/cjs/react-dom-client.development.js:9431:11)
      at runWithFiberInDEV 
(node_modules/react-dom/cjs/react-dom-client.development.js:874:13)
      at lane.callback 
(node_modules/react-dom/cjs/react-dom-client.development.js:9461:9)
      at callCallback 
(node_modules/react-dom/cjs/react-dom-client.development.js:7423:16)
      at commitCallbacks 
(node_modules/react-dom/cjs/react-dom-client.development.js:7443:11)
      at runWithFiberInDEV 
(node_modules/react-dom/cjs/react-dom-client.development.js:874:13)
      at commitLayoutEffectOnFiber 
(node_modules/react-dom/cjs/react-dom-client.development.js:14047:15)
      at flushLayoutEffects 
(node_modules/react-dom/cjs/react-dom-client.development.js:18138:15)
      at commitRoot 
(node_modules/react-dom/cjs/react-dom-client.development.js:17954:9)
      at commitRootWhenReady 
(node_modules/react-dom/cjs/react-dom-client.development.js:16824:7)
      at performWorkOnRoot 
(node_modules/react-dom/cjs/react-dom-client.development.js:16722:15)
      at performWorkOnRootViaSchedulerTask 
(node_modules/react-dom/cjs/react-dom-client.development.js:18957:7)
      at performWorkUntilDeadline 
(node_modules/scheduler/cjs/scheduler.development.js:45:48)
      at Timeout.task [as _onTimeout] 
(node_modules/jsdom/lib/jsdom/browser/Window.js:579:19)

    console.error
      Error: Element type is invalid: expected a string (for built-in 
components) or a class/function (for composite components) but got: object.
      
      Check the render method of `HistoryPage`.
          at createFiberFromTypeAndProps (C:\Users\Joel\Desktop\PersonalProject
s\WADSProject\node_modules\react-dom\cjs\react-dom-client.development.js:5021:2
8)
          at createFiberFromElement (C:\Users\Joel\Desktop\PersonalProjects\WAD
SProject\node_modules\react-dom\cjs\react-dom-client.development.js:5035:14)
          at createChild (C:\Users\Joel\Desktop\PersonalProjects\WADSProject\no
de_modules\react-dom\cjs\react-dom-client.development.js:6338:26)
          at reconcileChildrenArray (C:\Users\Joel\Desktop\PersonalProjects\WAD
SProject\node_modules\react-dom\cjs\react-dom-client.development.js:6670:25)
          at reconcileChildFibersImpl (C:\Users\Joel\Desktop\PersonalProjects\W
ADSProject\node_modules\react-dom\cjs\react-dom-client.development.js:6993:30)
          at C:\Users\Joel\Desktop\PersonalProjects\WADSProject\node_modules\re
act-dom\cjs\react-dom-client.development.js:7098:33
          at reconcileChildren (C:\Users\Joel\Desktop\PersonalProjects\WADSProj
ect\node_modules\react-dom\cjs\react-dom-client.development.js:9701:13)
          at beginWork (C:\Users\Joel\Desktop\PersonalProjects\WADSProject\node
_modules\react-dom\cjs\react-dom-client.development.js:12049:13)
          at runWithFiberInDEV (C:\Users\Joel\Desktop\PersonalProjects\WADSProj
ect\node_modules\react-dom\cjs\react-dom-client.development.js:874:13)
          at performUnitOfWork (C:\Users\Joel\Desktop\PersonalProjects\WADSProj
ect\node_modules\react-dom\cjs\react-dom-client.development.js:17641:22)
          at workLoopSync (C:\Users\Joel\Desktop\PersonalProjects\WADSProject\n
ode_modules\react-dom\cjs\react-dom-client.development.js:17469:41)
          at renderRootSync (C:\Users\Joel\Desktop\PersonalProjects\WADSProject
\node_modules\react-dom\cjs\react-dom-client.development.js:17450:11)
          at performWorkOnRoot (C:\Users\Joel\Desktop\PersonalProjects\WADSProj
ect\node_modules\react-dom\cjs\react-dom-client.development.js:16583:35)
          at performWorkOnRootViaSchedulerTask (C:\Users\Joel\Desktop\PersonalP
rojects\WADSProject\node_modules\react-dom\cjs\react-dom-client.development.js:
18957:7)
          at performWorkUntilDeadline (C:\Users\Joel\Desktop\PersonalProjects\W
ADSProject\node_modules\scheduler\cjs\scheduler.development.js:45:48)
          at Timeout.task [as _onTimeout] (C:\Users\Joel\Desktop\PersonalProjec
ts\WADSProject\node_modules\jsdom\lib\jsdom\browser\Window.js:579:19)
          at listOnTimeout (node:internal/timers:605:17)
          at processTimers (node:internal/timers:541:7)

    [0m [90m 43 |[39m       [36mreturn[39m
     [90m 44 |[39m     }
    [31m[1m>[22m[39m[90m 45 |[39m     
originalError[33m.[39mcall(console[33m,[39m [33m...[39margs)
     [90m    |[39m                   [31m[1m^[22m[39m
     [90m 46 |[39m   }
     [90m 47 |[39m })
     [90m 48 |[39m[0m

      at console.error (jest.setup.ts:45:19)
      at process.env.NODE_ENV.reportGlobalError 
(node_modules/react-dom/cjs/react-dom-client.development.js:25513:23)
      at defaultOnUncaughtError 
(node_modules/react-dom/cjs/react-dom-client.development.js:9361:7)
      at logUncaughtError 
(node_modules/react-dom/cjs/react-dom-client.development.js:9431:11)
      at runWithFiberInDEV 
(node_modules/react-dom/cjs/react-dom-client.development.js:874:13)
      at lane.callback 
(node_modules/react-dom/cjs/react-dom-client.development.js:9461:9)
      at callCallback 
(node_modules/react-dom/cjs/react-dom-client.development.js:7423:16)
      at commitCallbacks 
(node_modules/react-dom/cjs/react-dom-client.development.js:7443:11)
      at runWithFiberInDEV 
(node_modules/react-dom/cjs/react-dom-client.development.js:874:13)
      at commitLayoutEffectOnFiber 
(node_modules/react-dom/cjs/react-dom-client.development.js:14047:15)
      at flushLayoutEffects 
(node_modules/react-dom/cjs/react-dom-client.development.js:18138:15)
      at commitRoot 
(node_modules/react-dom/cjs/react-dom-client.development.js:17954:9)
      at commitRootWhenReady 
(node_modules/react-dom/cjs/react-dom-client.development.js:16824:7)
      at performWorkOnRoot 
(node_modules/react-dom/cjs/react-dom-client.development.js:16722:15)
      at performWorkOnRootViaSchedulerTask 
(node_modules/react-dom/cjs/react-dom-client.development.js:18957:7)
      at performWorkUntilDeadline 
(node_modules/scheduler/cjs/scheduler.development.js:45:48)
      at Timeout.task [as _onTimeout] 
(node_modules/jsdom/lib/jsdom/browser/Window.js:579:19)

    console.warn
      An error occurred in the <div> component.
      
      Consider adding an error boundary to your tree to customize error 
handling behavior.
      Visit https://react.dev/link/error-boundaries to learn more about error 
boundaries.

      at defaultOnUncaughtError 
(node_modules/react-dom/cjs/react-dom-client.development.js:9362:15)
      at logUncaughtError 
(node_modules/react-dom/cjs/react-dom-client.development.js:9431:11)
      at runWithFiberInDEV 
(node_modules/react-dom/cjs/react-dom-client.development.js:874:13)
      at lane.callback 
(node_modules/react-dom/cjs/react-dom-client.development.js:9461:9)
      at callCallback 
(node_modules/react-dom/cjs/react-dom-client.development.js:7423:16)
      at commitCallbacks 
(node_modules/react-dom/cjs/react-dom-client.development.js:7443:11)
      at runWithFiberInDEV 
(node_modules/react-dom/cjs/react-dom-client.development.js:874:13)
      at commitLayoutEffectOnFiber 
(node_modules/react-dom/cjs/react-dom-client.development.js:14047:15)
      at flushLayoutEffects 
(node_modules/react-dom/cjs/react-dom-client.development.js:18138:15)
      at commitRoot 
(node_modules/react-dom/cjs/react-dom-client.development.js:17954:9)
      at commitRootWhenReady 
(node_modules/react-dom/cjs/react-dom-client.development.js:16824:7)
      at performWorkOnRoot 
(node_modules/react-dom/cjs/react-dom-client.development.js:16722:15)
      at performWorkOnRootViaSchedulerTask 
(node_modules/react-dom/cjs/react-dom-client.development.js:18957:7)
      at performWorkUntilDeadline 
(node_modules/scheduler/cjs/scheduler.development.js:45:48)
      at Timeout.task [as _onTimeout] 
(node_modules/jsdom/lib/jsdom/browser/Window.js:579:19)

    console.error
      Error: Element type is invalid: expected a string (for built-in 
components) or a class/function (for composite components) but got: object.
      
      Check the render method of `HistoryPage`.
          at createFiberFromTypeAndProps (C:\Users\Joel\Desktop\PersonalProject
s\WADSProject\node_modules\react-dom\cjs\react-dom-client.development.js:5021:2
8)
          at createFiberFromElement (C:\Users\Joel\Desktop\PersonalProjects\WAD
SProject\node_modules\react-dom\cjs\react-dom-client.development.js:5035:14)
          at createChild (C:\Users\Joel\Desktop\PersonalProjects\WADSProject\no
de_modules\react-dom\cjs\react-dom-client.development.js:6338:26)
          at reconcileChildrenArray (C:\Users\Joel\Desktop\PersonalProjects\WAD
SProject\node_modules\react-dom\cjs\react-dom-client.development.js:6670:25)
          at reconcileChildFibersImpl (C:\Users\Joel\Desktop\PersonalProjects\W
ADSProject\node_modules\react-dom\cjs\react-dom-client.development.js:6993:30)
          at C:\Users\Joel\Desktop\PersonalProjects\WADSProject\node_modules\re
act-dom\cjs\react-dom-client.development.js:7098:33
          at reconcileChildren (C:\Users\Joel\Desktop\PersonalProjects\WADSProj
ect\node_modules\react-dom\cjs\react-dom-client.development.js:9701:13)
          at beginWork (C:\Users\Joel\Desktop\PersonalProjects\WADSProject\node
_modules\react-dom\cjs\react-dom-client.development.js:12049:13)
          at runWithFiberInDEV (C:\Users\Joel\Desktop\PersonalProjects\WADSProj
ect\node_modules\react-dom\cjs\react-dom-client.development.js:874:13)
          at performUnitOfWork (C:\Users\Joel\Desktop\PersonalProjects\WADSProj
ect\node_modules\react-dom\cjs\react-dom-client.development.js:17641:22)
          at workLoopSync (C:\Users\Joel\Desktop\PersonalProjects\WADSProject\n
ode_modules\react-dom\cjs\react-dom-client.development.js:17469:41)
          at renderRootSync (C:\Users\Joel\Desktop\PersonalProjects\WADSProject
\node_modules\react-dom\cjs\react-dom-client.development.js:17450:11)
          at performWorkOnRoot (C:\Users\Joel\Desktop\PersonalProjects\WADSProj
ect\node_modules\react-dom\cjs\react-dom-client.development.js:16583:35)
          at performWorkOnRootViaSchedulerTask (C:\Users\Joel\Desktop\PersonalP
rojects\WADSProject\node_modules\react-dom\cjs\react-dom-client.development.js:
18957:7)
          at performWorkUntilDeadline (C:\Users\Joel\Desktop\PersonalProjects\W
ADSProject\node_modules\scheduler\cjs\scheduler.development.js:45:48)
          at Timeout.task [as _onTimeout] (C:\Users\Joel\Desktop\PersonalProjec
ts\WADSProject\node_modules\jsdom\lib\jsdom\browser\Window.js:579:19)
          at listOnTimeout (node:internal/timers:605:17)
          at processTimers (node:internal/timers:541:7)

    [0m [90m 43 |[39m       [36mreturn[39m
     [90m 44 |[39m     }
    [31m[1m>[22m[39m[90m 45 |[39m     
originalError[33m.[39mcall(console[33m,[39m [33m...[39margs)
     [90m    |[39m                   [31m[1m^[22m[39m
     [90m 46 |[39m   }
     [90m 47 |[39m })
     [90m 48 |[39m[0m

      at console.error (jest.setup.ts:45:19)
      at process.env.NODE_ENV.reportGlobalError 
(node_modules/react-dom/cjs/react-dom-client.development.js:25513:23)
      at defaultOnUncaughtError 
(node_modules/react-dom/cjs/react-dom-client.development.js:9361:7)
      at logUncaughtError 
(node_modules/react-dom/cjs/react-dom-client.development.js:9431:11)
      at runWithFiberInDEV 
(node_modules/react-dom/cjs/react-dom-client.development.js:874:13)
      at lane.callback 
(node_modules/react-dom/cjs/react-dom-client.development.js:9461:9)
      at callCallback 
(node_modules/react-dom/cjs/react-dom-client.development.js:7423:16)
      at commitCallbacks 
(node_modules/react-dom/cjs/react-dom-client.development.js:7443:11)
      at runWithFiberInDEV 
(node_modules/react-dom/cjs/react-dom-client.development.js:874:13)
      at commitLayoutEffectOnFiber 
(node_modules/react-dom/cjs/react-dom-client.development.js:14047:15)
      at flushLayoutEffects 
(node_modules/react-dom/cjs/react-dom-client.development.js:18138:15)
      at commitRoot 
(node_modules/react-dom/cjs/react-dom-client.development.js:17954:9)
      at commitRootWhenReady 
(node_modules/react-dom/cjs/react-dom-client.development.js:16824:7)
      at performWorkOnRoot 
(node_modules/react-dom/cjs/react-dom-client.development.js:16722:15)
      at performWorkOnRootViaSchedulerTask 
(node_modules/react-dom/cjs/react-dom-client.development.js:18957:7)
      at performWorkUntilDeadline 
(node_modules/scheduler/cjs/scheduler.development.js:45:48)
      at Timeout.task [as _onTimeout] 
(node_modules/jsdom/lib/jsdom/browser/Window.js:579:19)

    console.warn
      An error occurred in the <div> component.
      
      Consider adding an error boundary to your tree to customize error 
handling behavior.
      Visit https://react.dev/link/error-boundaries to learn more about error 
boundaries.

      at defaultOnUncaughtError 
(node_modules/react-dom/cjs/react-dom-client.development.js:9362:15)
      at logUncaughtError 
(node_modules/react-dom/cjs/react-dom-client.development.js:9431:11)
      at runWithFiberInDEV 
(node_modules/react-dom/cjs/react-dom-client.development.js:874:13)
      at lane.callback 
(node_modules/react-dom/cjs/react-dom-client.development.js:9461:9)
      at callCallback 
(node_modules/react-dom/cjs/react-dom-client.development.js:7423:16)
      at commitCallbacks 
(node_modules/react-dom/cjs/react-dom-client.development.js:7443:11)
      at runWithFiberInDEV 
(node_modules/react-dom/cjs/react-dom-client.development.js:874:13)
      at commitLayoutEffectOnFiber 
(node_modules/react-dom/cjs/react-dom-client.development.js:14047:15)
      at flushLayoutEffects 
(node_modules/react-dom/cjs/react-dom-client.development.js:18138:15)
      at commitRoot 
(node_modules/react-dom/cjs/react-dom-client.development.js:17954:9)
      at commitRootWhenReady 
(node_modules/react-dom/cjs/react-dom-client.development.js:16824:7)
      at performWorkOnRoot 
(node_modules/react-dom/cjs/react-dom-client.development.js:16722:15)
      at performWorkOnRootViaSchedulerTask 
(node_modules/react-dom/cjs/react-dom-client.development.js:18957:7)
      at performWorkUntilDeadline 
(node_modules/scheduler/cjs/scheduler.development.js:45:48)
      at Timeout.task [as _onTimeout] 
(node_modules/jsdom/lib/jsdom/browser/Window.js:579:19)

    console.error
      Error: Element type is invalid: expected a string (for built-in 
components) or a class/function (for composite components) but got: object.
      
      Check the render method of `HistoryPage`.
          at createFiberFromTypeAndProps (C:\Users\Joel\Desktop\PersonalProject
s\WADSProject\node_modules\react-dom\cjs\react-dom-client.development.js:5021:2
8)
          at createFiberFromElement (C:\Users\Joel\Desktop\PersonalProjects\WAD
SProject\node_modules\react-dom\cjs\react-dom-client.development.js:5035:14)
          at createChild (C:\Users\Joel\Desktop\PersonalProjects\WADSProject\no
de_modules\react-dom\cjs\react-dom-client.development.js:6338:26)
          at reconcileChildrenArray (C:\Users\Joel\Desktop\PersonalProjects\WAD
SProject\node_modules\react-dom\cjs\react-dom-client.development.js:6670:25)
          at reconcileChildFibersImpl (C:\Users\Joel\Desktop\PersonalProjects\W
ADSProject\node_modules\react-dom\cjs\react-dom-client.development.js:6993:30)
          at C:\Users\Joel\Desktop\PersonalProjects\WADSProject\node_modules\re
act-dom\cjs\react-dom-client.development.js:7098:33
          at reconcileChildren (C:\Users\Joel\Desktop\PersonalProjects\WADSProj
ect\node_modules\react-dom\cjs\react-dom-client.development.js:9701:13)
          at beginWork (C:\Users\Joel\Desktop\PersonalProjects\WADSProject\node
_modules\react-dom\cjs\react-dom-client.development.js:12049:13)
          at runWithFiberInDEV (C:\Users\Joel\Desktop\PersonalProjects\WADSProj
ect\node_modules\react-dom\cjs\react-dom-client.development.js:874:13)
          at performUnitOfWork (C:\Users\Joel\Desktop\PersonalProjects\WADSProj
ect\node_modules\react-dom\cjs\react-dom-client.development.js:17641:22)
          at workLoopSync (C:\Users\Joel\Desktop\PersonalProjects\WADSProject\n
ode_modules\react-dom\cjs\react-dom-client.development.js:17469:41)
          at renderRootSync (C:\Users\Joel\Desktop\PersonalProjects\WADSProject
\node_modules\react-dom\cjs\react-dom-client.development.js:17450:11)
          at performWorkOnRoot (C:\Users\Joel\Desktop\PersonalProjects\WADSProj
ect\node_modules\react-dom\cjs\react-dom-client.development.js:16583:35)
          at performWorkOnRootViaSchedulerTask (C:\Users\Joel\Desktop\PersonalP
rojects\WADSProject\node_modules\react-dom\cjs\react-dom-client.development.js:
18957:7)
          at performWorkUntilDeadline (C:\Users\Joel\Desktop\PersonalProjects\W
ADSProject\node_modules\scheduler\cjs\scheduler.development.js:45:48)
          at Timeout.task [as _onTimeout] (C:\Users\Joel\Desktop\PersonalProjec
ts\WADSProject\node_modules\jsdom\lib\jsdom\browser\Window.js:579:19)
          at listOnTimeout (node:internal/timers:605:17)
          at processTimers (node:internal/timers:541:7)

    [0m [90m 43 |[39m       [36mreturn[39m
     [90m 44 |[39m     }
    [31m[1m>[22m[39m[90m 45 |[39m     
originalError[33m.[39mcall(console[33m,[39m [33m...[39margs)
     [90m    |[39m                   [31m[1m^[22m[39m
     [90m 46 |[39m   }
     [90m 47 |[39m })
     [90m 48 |[39m[0m

      at console.error (jest.setup.ts:45:19)
      at process.env.NODE_ENV.reportGlobalError 
(node_modules/react-dom/cjs/react-dom-client.development.js:25513:23)
      at defaultOnUncaughtError 
(node_modules/react-dom/cjs/react-dom-client.development.js:9361:7)
      at logUncaughtError 
(node_modules/react-dom/cjs/react-dom-client.development.js:9431:11)
      at runWithFiberInDEV 
(node_modules/react-dom/cjs/react-dom-client.development.js:874:13)
      at lane.callback 
(node_modules/react-dom/cjs/react-dom-client.development.js:9461:9)
      at callCallback 
(node_modules/react-dom/cjs/react-dom-client.development.js:7423:16)
      at commitCallbacks 
(node_modules/react-dom/cjs/react-dom-client.development.js:7443:11)
      at runWithFiberInDEV 
(node_modules/react-dom/cjs/react-dom-client.development.js:874:13)
      at commitLayoutEffectOnFiber 
(node_modules/react-dom/cjs/react-dom-client.development.js:14047:15)
      at flushLayoutEffects 
(node_modules/react-dom/cjs/react-dom-client.development.js:18138:15)
      at commitRoot 
(node_modules/react-dom/cjs/react-dom-client.development.js:17954:9)
      at commitRootWhenReady 
(node_modules/react-dom/cjs/react-dom-client.development.js:16824:7)
      at performWorkOnRoot 
(node_modules/react-dom/cjs/react-dom-client.development.js:16722:15)
      at performWorkOnRootViaSchedulerTask 
(node_modules/react-dom/cjs/react-dom-client.development.js:18957:7)
      at performWorkUntilDeadline 
(node_modules/scheduler/cjs/scheduler.development.js:45:48)
      at Timeout.task [as _onTimeout] 
(node_modules/jsdom/lib/jsdom/browser/Window.js:579:19)

    console.warn
      An error occurred in the <div> component.
      
      Consider adding an error boundary to your tree to customize error 
handling behavior.
      Visit https://react.dev/link/error-boundaries to learn more about error 
boundaries.

      at defaultOnUncaughtError 
(node_modules/react-dom/cjs/react-dom-client.development.js:9362:15)
      at logUncaughtError 
(node_modules/react-dom/cjs/react-dom-client.development.js:9431:11)
      at runWithFiberInDEV 
(node_modules/react-dom/cjs/react-dom-client.development.js:874:13)
      at lane.callback 
(node_modules/react-dom/cjs/react-dom-client.development.js:9461:9)
      at callCallback 
(node_modules/react-dom/cjs/react-dom-client.development.js:7423:16)
      at commitCallbacks 
(node_modules/react-dom/cjs/react-dom-client.development.js:7443:11)
      at runWithFiberInDEV 
(node_modules/react-dom/cjs/react-dom-client.development.js:874:13)
      at commitLayoutEffectOnFiber 
(node_modules/react-dom/cjs/react-dom-client.development.js:14047:15)
      at flushLayoutEffects 
(node_modules/react-dom/cjs/react-dom-client.development.js:18138:15)
      at commitRoot 
(node_modules/react-dom/cjs/react-dom-client.development.js:17954:9)
      at commitRootWhenReady 
(node_modules/react-dom/cjs/react-dom-client.development.js:16824:7)
      at performWorkOnRoot 
(node_modules/react-dom/cjs/react-dom-client.development.js:16722:15)
      at performWorkOnRootViaSchedulerTask 
(node_modules/react-dom/cjs/react-dom-client.development.js:18957:7)
      at performWorkUntilDeadline 
(node_modules/scheduler/cjs/scheduler.development.js:45:48)
      at Timeout.task [as _onTimeout] 
(node_modules/jsdom/lib/jsdom/browser/Window.js:579:19)

    console.error
      Error: Element type is invalid: expected a string (for built-in 
components) or a class/function (for composite components) but got: object.
      
      Check the render method of `HistoryPage`.
          at createFiberFromTypeAndProps (C:\Users\Joel\Desktop\PersonalProject
s\WADSProject\node_modules\react-dom\cjs\react-dom-client.development.js:5021:2
8)
          at createFiberFromElement (C:\Users\Joel\Desktop\PersonalProjects\WAD
SProject\node_modules\react-dom\cjs\react-dom-client.development.js:5035:14)
          at createChild (C:\Users\Joel\Desktop\PersonalProjects\WADSProject\no
de_modules\react-dom\cjs\react-dom-client.development.js:6338:26)
          at reconcileChildrenArray (C:\Users\Joel\Desktop\PersonalProjects\WAD
SProject\node_modules\react-dom\cjs\react-dom-client.development.js:6670:25)
          at reconcileChildFibersImpl (C:\Users\Joel\Desktop\PersonalProjects\W
ADSProject\node_modules\react-dom\cjs\react-dom-client.development.js:6993:30)
          at C:\Users\Joel\Desktop\PersonalProjects\WADSProject\node_modules\re
act-dom\cjs\react-dom-client.development.js:7098:33
          at reconcileChildren (C:\Users\Joel\Desktop\PersonalProjects\WADSProj
ect\node_modules\react-dom\cjs\react-dom-client.development.js:9701:13)
          at beginWork (C:\Users\Joel\Desktop\PersonalProjects\WADSProject\node
_modules\react-dom\cjs\react-dom-client.development.js:12049:13)
          at runWithFiberInDEV (C:\Users\Joel\Desktop\PersonalProjects\WADSProj
ect\node_modules\react-dom\cjs\react-dom-client.development.js:874:13)
          at performUnitOfWork (C:\Users\Joel\Desktop\PersonalProjects\WADSProj
ect\node_modules\react-dom\cjs\react-dom-client.development.js:17641:22)
          at workLoopSync (C:\Users\Joel\Desktop\PersonalProjects\WADSProject\n
ode_modules\react-dom\cjs\react-dom-client.development.js:17469:41)
          at renderRootSync (C:\Users\Joel\Desktop\PersonalProjects\WADSProject
\node_modules\react-dom\cjs\react-dom-client.development.js:17450:11)
          at performWorkOnRoot (C:\Users\Joel\Desktop\PersonalProjects\WADSProj
ect\node_modules\react-dom\cjs\react-dom-client.development.js:16583:35)
          at performWorkOnRootViaSchedulerTask (C:\Users\Joel\Desktop\PersonalP
rojects\WADSProject\node_modules\react-dom\cjs\react-dom-client.development.js:
18957:7)
          at performWorkUntilDeadline (C:\Users\Joel\Desktop\PersonalProjects\W
ADSProject\node_modules\scheduler\cjs\scheduler.development.js:45:48)
          at Timeout.task [as _onTimeout] (C:\Users\Joel\Desktop\PersonalProjec
ts\WADSProject\node_modules\jsdom\lib\jsdom\browser\Window.js:579:19)
          at listOnTimeout (node:internal/timers:605:17)
          at processTimers (node:internal/timers:541:7)

    [0m [90m 43 |[39m       [36mreturn[39m
     [90m 44 |[39m     }
    [31m[1m>[22m[39m[90m 45 |[39m     
originalError[33m.[39mcall(console[33m,[39m [33m...[39margs)
     [90m    |[39m                   [31m[1m^[22m[39m
     [90m 46 |[39m   }
     [90m 47 |[39m })
     [90m 48 |[39m[0m

      at console.error (jest.setup.ts:45:19)
      at process.env.NODE_ENV.reportGlobalError 
(node_modules/react-dom/cjs/react-dom-client.development.js:25513:23)
      at defaultOnUncaughtError 
(node_modules/react-dom/cjs/react-dom-client.development.js:9361:7)
      at logUncaughtError 
(node_modules/react-dom/cjs/react-dom-client.development.js:9431:11)
      at runWithFiberInDEV 
(node_modules/react-dom/cjs/react-dom-client.development.js:874:13)
      at lane.callback 
(node_modules/react-dom/cjs/react-dom-client.development.js:9461:9)
      at callCallback 
(node_modules/react-dom/cjs/react-dom-client.development.js:7423:16)
      at commitCallbacks 
(node_modules/react-dom/cjs/react-dom-client.development.js:7443:11)
      at runWithFiberInDEV 
(node_modules/react-dom/cjs/react-dom-client.development.js:874:13)
      at commitLayoutEffectOnFiber 
(node_modules/react-dom/cjs/react-dom-client.development.js:14047:15)
      at flushLayoutEffects 
(node_modules/react-dom/cjs/react-dom-client.development.js:18138:15)
      at commitRoot 
(node_modules/react-dom/cjs/react-dom-client.development.js:17954:9)
      at commitRootWhenReady 
(node_modules/react-dom/cjs/react-dom-client.development.js:16824:7)
      at performWorkOnRoot 
(node_modules/react-dom/cjs/react-dom-client.development.js:16722:15)
      at performWorkOnRootViaSchedulerTask 
(node_modules/react-dom/cjs/react-dom-client.development.js:18957:7)
      at performWorkUntilDeadline 
(node_modules/scheduler/cjs/scheduler.development.js:45:48)
      at Timeout.task [as _onTimeout] 
(node_modules/jsdom/lib/jsdom/browser/Window.js:579:19)

    console.warn
      An error occurred in the <div> component.
      
      Consider adding an error boundary to your tree to customize error 
handling behavior.
      Visit https://react.dev/link/error-boundaries to learn more about error 
boundaries.

      at defaultOnUncaughtError 
(node_modules/react-dom/cjs/react-dom-client.development.js:9362:15)
      at logUncaughtError 
(node_modules/react-dom/cjs/react-dom-client.development.js:9431:11)
      at runWithFiberInDEV 
(node_modules/react-dom/cjs/react-dom-client.development.js:874:13)
      at lane.callback 
(node_modules/react-dom/cjs/react-dom-client.development.js:9461:9)
      at callCallback 
(node_modules/react-dom/cjs/react-dom-client.development.js:7423:16)
      at commitCallbacks 
(node_modules/react-dom/cjs/react-dom-client.development.js:7443:11)
      at runWithFiberInDEV 
(node_modules/react-dom/cjs/react-dom-client.development.js:874:13)
      at commitLayoutEffectOnFiber 
(node_modules/react-dom/cjs/react-dom-client.development.js:14047:15)
      at flushLayoutEffects 
(node_modules/react-dom/cjs/react-dom-client.development.js:18138:15)
      at commitRoot 
(node_modules/react-dom/cjs/react-dom-client.development.js:17954:9)
      at commitRootWhenReady 
(node_modules/react-dom/cjs/react-dom-client.development.js:16824:7)
      at performWorkOnRoot 
(node_modules/react-dom/cjs/react-dom-client.development.js:16722:15)
      at performWorkOnRootViaSchedulerTask 
(node_modules/react-dom/cjs/react-dom-client.development.js:18957:7)
      at performWorkUntilDeadline 
(node_modules/scheduler/cjs/scheduler.development.js:45:48)
      at Timeout.task [as _onTimeout] 
(node_modules/jsdom/lib/jsdom/browser/Window.js:579:19)

    console.error
      Error: Element type is invalid: expected a string (for built-in 
components) or a class/function (for composite components) but got: object.
      
      Check the render method of `HistoryPage`.
          at createFiberFromTypeAndProps (C:\Users\Joel\Desktop\PersonalProject
s\WADSProject\node_modules\react-dom\cjs\react-dom-client.development.js:5021:2
8)
          at createFiberFromElement (C:\Users\Joel\Desktop\PersonalProjects\WAD
SProject\node_modules\react-dom\cjs\react-dom-client.development.js:5035:14)
          at createChild (C:\Users\Joel\Desktop\PersonalProjects\WADSProject\no
de_modules\react-dom\cjs\react-dom-client.development.js:6338:26)
          at reconcileChildrenArray (C:\Users\Joel\Desktop\PersonalProjects\WAD
SProject\node_modules\react-dom\cjs\react-dom-client.development.js:6670:25)
          at reconcileChildFibersImpl (C:\Users\Joel\Desktop\PersonalProjects\W
ADSProject\node_modules\react-dom\cjs\react-dom-client.development.js:6993:30)
          at C:\Users\Joel\Desktop\PersonalProjects\WADSProject\node_modules\re
act-dom\cjs\react-dom-client.development.js:7098:33
          at reconcileChildren (C:\Users\Joel\Desktop\PersonalProjects\WADSProj
ect\node_modules\react-dom\cjs\react-dom-client.development.js:9701:13)
          at beginWork (C:\Users\Joel\Desktop\PersonalProjects\WADSProject\node
_modules\react-dom\cjs\react-dom-client.development.js:12049:13)
          at runWithFiberInDEV (C:\Users\Joel\Desktop\PersonalProjects\WADSProj
ect\node_modules\react-dom\cjs\react-dom-client.development.js:874:13)
          at performUnitOfWork (C:\Users\Joel\Desktop\PersonalProjects\WADSProj
ect\node_modules\react-dom\cjs\react-dom-client.development.js:17641:22)
          at workLoopSync (C:\Users\Joel\Desktop\PersonalProjects\WADSProject\n
ode_modules\react-dom\cjs\react-dom-client.development.js:17469:41)
          at renderRootSync (C:\Users\Joel\Desktop\PersonalProjects\WADSProject
\node_modules\react-dom\cjs\react-dom-client.development.js:17450:11)
          at performWorkOnRoot (C:\Users\Joel\Desktop\PersonalProjects\WADSProj
ect\node_modules\react-dom\cjs\react-dom-client.development.js:16583:35)
          at performWorkOnRootViaSchedulerTask (C:\Users\Joel\Desktop\PersonalP
rojects\WADSProject\node_modules\react-dom\cjs\react-dom-client.development.js:
18957:7)
          at performWorkUntilDeadline (C:\Users\Joel\Desktop\PersonalProjects\W
ADSProject\node_modules\scheduler\cjs\scheduler.development.js:45:48)
          at Timeout.task [as _onTimeout] (C:\Users\Joel\Desktop\PersonalProjec
ts\WADSProject\node_modules\jsdom\lib\jsdom\browser\Window.js:579:19)
          at listOnTimeout (node:internal/timers:605:17)
          at processTimers (node:internal/timers:541:7)

    [0m [90m 43 |[39m       [36mreturn[39m
     [90m 44 |[39m     }
    [31m[1m>[22m[39m[90m 45 |[39m     
originalError[33m.[39mcall(console[33m,[39m [33m...[39margs)
     [90m    |[39m                   [31m[1m^[22m[39m
     [90m 46 |[39m   }
     [90m 47 |[39m })
     [90m 48 |[39m[0m

      at console.error (jest.setup.ts:45:19)
      at process.env.NODE_ENV.reportGlobalError 
(node_modules/react-dom/cjs/react-dom-client.development.js:25513:23)
      at defaultOnUncaughtError 
(node_modules/react-dom/cjs/react-dom-client.development.js:9361:7)
      at logUncaughtError 
(node_modules/react-dom/cjs/react-dom-client.development.js:9431:11)
      at runWithFiberInDEV 
(node_modules/react-dom/cjs/react-dom-client.development.js:874:13)
      at lane.callback 
(node_modules/react-dom/cjs/react-dom-client.development.js:9461:9)
      at callCallback 
(node_modules/react-dom/cjs/react-dom-client.development.js:7423:16)
      at commitCallbacks 
(node_modules/react-dom/cjs/react-dom-client.development.js:7443:11)
      at runWithFiberInDEV 
(node_modules/react-dom/cjs/react-dom-client.development.js:874:13)
      at commitLayoutEffectOnFiber 
(node_modules/react-dom/cjs/react-dom-client.development.js:14047:15)
      at flushLayoutEffects 
(node_modules/react-dom/cjs/react-dom-client.development.js:18138:15)
      at commitRoot 
(node_modules/react-dom/cjs/react-dom-client.development.js:17954:9)
      at commitRootWhenReady 
(node_modules/react-dom/cjs/react-dom-client.development.js:16824:7)
      at performWorkOnRoot 
(node_modules/react-dom/cjs/react-dom-client.development.js:16722:15)
      at performWorkOnRootViaSchedulerTask 
(node_modules/react-dom/cjs/react-dom-client.development.js:18957:7)
      at performWorkUntilDeadline 
(node_modules/scheduler/cjs/scheduler.development.js:45:48)
      at Timeout.task [as _onTimeout] 
(node_modules/jsdom/lib/jsdom/browser/Window.js:579:19)

    console.warn
      An error occurred in the <div> component.
      
      Consider adding an error boundary to your tree to customize error 
handling behavior.
      Visit https://react.dev/link/error-boundaries to learn more about error 
boundaries.

      at defaultOnUncaughtError 
(node_modules/react-dom/cjs/react-dom-client.development.js:9362:15)
      at logUncaughtError 
(node_modules/react-dom/cjs/react-dom-client.development.js:9431:11)
      at runWithFiberInDEV 
(node_modules/react-dom/cjs/react-dom-client.development.js:874:13)
      at lane.callback 
(node_modules/react-dom/cjs/react-dom-client.development.js:9461:9)
      at callCallback 
(node_modules/react-dom/cjs/react-dom-client.development.js:7423:16)
      at commitCallbacks 
(node_modules/react-dom/cjs/react-dom-client.development.js:7443:11)
      at runWithFiberInDEV 
(node_modules/react-dom/cjs/react-dom-client.development.js:874:13)
      at commitLayoutEffectOnFiber 
(node_modules/react-dom/cjs/react-dom-client.development.js:14047:15)
      at flushLayoutEffects 
(node_modules/react-dom/cjs/react-dom-client.development.js:18138:15)
      at commitRoot 
(node_modules/react-dom/cjs/react-dom-client.development.js:17954:9)
      at commitRootWhenReady 
(node_modules/react-dom/cjs/react-dom-client.development.js:16824:7)
      at performWorkOnRoot 
(node_modules/react-dom/cjs/react-dom-client.development.js:16722:15)
      at performWorkOnRootViaSchedulerTask 
(node_modules/react-dom/cjs/react-dom-client.development.js:18957:7)
      at performWorkUntilDeadline 
(node_modules/scheduler/cjs/scheduler.development.js:45:48)
      at Timeout.task [as _onTimeout] 
(node_modules/jsdom/lib/jsdom/browser/Window.js:579:19)

  ΓùÅ History Page ΓÇ║ renders questions after loading

    Element type is invalid: expected a string (for built-in components) or a 
class/function (for composite components) but got: object.

    Check the render method of `HistoryPage`.

      at createFiberFromTypeAndProps 
(node_modules/react-dom/cjs/react-dom-client.development.js:5021:28)
      at createFiberFromElement 
(node_modules/react-dom/cjs/react-dom-client.development.js:5035:14)
      at createChild 
(node_modules/react-dom/cjs/react-dom-client.development.js:6338:26)
      at reconcileChildrenArray 
(node_modules/react-dom/cjs/react-dom-client.development.js:6670:25)
      at reconcileChildFibersImpl 
(node_modules/react-dom/cjs/react-dom-client.development.js:6993:30)
      at node_modules/react-dom/cjs/react-dom-client.development.js:7098:33
      at reconcileChildren 
(node_modules/react-dom/cjs/react-dom-client.development.js:9701:13)
      at beginWork 
(node_modules/react-dom/cjs/react-dom-client.development.js:12049:13)
      at runWithFiberInDEV 
(node_modules/react-dom/cjs/react-dom-client.development.js:874:13)
      at performUnitOfWork 
(node_modules/react-dom/cjs/react-dom-client.development.js:17641:22)
      at workLoopSync 
(node_modules/react-dom/cjs/react-dom-client.development.js:17469:41)
      at renderRootSync 
(node_modules/react-dom/cjs/react-dom-client.development.js:17450:11)
      at performWorkOnRoot 
(node_modules/react-dom/cjs/react-dom-client.development.js:16583:35)
      at performWorkOnRootViaSchedulerTask 
(node_modules/react-dom/cjs/react-dom-client.development.js:18957:7)
      at performWorkUntilDeadline 
(node_modules/scheduler/cjs/scheduler.development.js:45:48)
      at Timeout.task [as _onTimeout] 
(node_modules/jsdom/lib/jsdom/browser/Window.js:579:19)

  ΓùÅ History Page ΓÇ║ renders questions after loading

    Unable to find an element with the text: What is photosynthesis?. This 
could be because the text is broken up by multiple elements. In this case, you 
can provide a function for your text matcher to make your matcher more 
flexible.

    Ignored nodes: comments, script, style
    [36m<body>[39m
      [36m<div />[39m
    [36m</body>[39m

    [0m [90m 56 |[39m   it([32m"renders questions after 
loading"[39m[33m,[39m [36masync[39m () [33m=>[39m {
     [90m 57 |[39m     render([33m<[39m[33mHistoryPage[39m 
[33m/[39m[33m>[39m)
    [31m[1m>[22m[39m[90m 58 |[39m     [36mawait[39m waitFor(() 
[33m=>[39m {
     [90m    |[39m                  [31m[1m^[22m[39m
     [90m 59 |[39m       expect(screen[33m.[39mgetByText([32m"What is 
photosynthesis?"[39m))[33m.[39mtoBeInTheDocument()
     [90m 60 |[39m       expect(screen[33m.[39mgetByText([32m"Solve x + 2 
= 5"[39m))[33m.[39mtoBeInTheDocument()
     [90m 61 |[39m     })[0m

      at waitForWrapper 
(node_modules/@testing-library/dom/dist/wait-for.js:163:27)
      at Object.<anonymous> (__tests__/history.test.tsx:58:18)

  ΓùÅ History Page ΓÇ║ filters questions by search

    Element type is invalid: expected a string (for built-in components) or a 
class/function (for composite components) but got: object.

    Check the render method of `HistoryPage`.

      at createFiberFromTypeAndProps 
(node_modules/react-dom/cjs/react-dom-client.development.js:5021:28)
      at createFiberFromElement 
(node_modules/react-dom/cjs/react-dom-client.development.js:5035:14)
      at createChild 
(node_modules/react-dom/cjs/react-dom-client.development.js:6338:26)
      at reconcileChildrenArray 
(node_modules/react-dom/cjs/react-dom-client.development.js:6670:25)
      at reconcileChildFibersImpl 
(node_modules/react-dom/cjs/react-dom-client.development.js:6993:30)
      at node_modules/react-dom/cjs/react-dom-client.development.js:7098:33
      at reconcileChildren 
(node_modules/react-dom/cjs/react-dom-client.development.js:9701:13)
      at beginWork 
(node_modules/react-dom/cjs/react-dom-client.development.js:12049:13)
      at runWithFiberInDEV 
(node_modules/react-dom/cjs/react-dom-client.development.js:874:13)
      at performUnitOfWork 
(node_modules/react-dom/cjs/react-dom-client.development.js:17641:22)
      at workLoopSync 
(node_modules/react-dom/cjs/react-dom-client.development.js:17469:41)
      at renderRootSync 
(node_modules/react-dom/cjs/react-dom-client.development.js:17450:11)
      at performWorkOnRoot 
(node_modules/react-dom/cjs/react-dom-client.development.js:16583:35)
      at performWorkOnRootViaSchedulerTask 
(node_modules/react-dom/cjs/react-dom-client.development.js:18957:7)
      at performWorkUntilDeadline 
(node_modules/scheduler/cjs/scheduler.development.js:45:48)
      at Timeout.task [as _onTimeout] 
(node_modules/jsdom/lib/jsdom/browser/Window.js:579:19)

  ΓùÅ History Page ΓÇ║ filters questions by search

    Unable to find an element with the text: What is photosynthesis?. This 
could be because the text is broken up by multiple elements. In this case, you 
can provide a function for your text matcher to make your matcher more 
flexible.

    Ignored nodes: comments, script, style
    [36m<body>[39m
      [36m<div />[39m
    [36m</body>[39m

    [0m [90m 64 |[39m   it([32m"filters questions by 
search"[39m[33m,[39m [36masync[39m () [33m=>[39m {
     [90m 65 |[39m     render([33m<[39m[33mHistoryPage[39m 
[33m/[39m[33m>[39m)
    [31m[1m>[22m[39m[90m 66 |[39m     [36mawait[39m waitFor(() 
[33m=>[39m screen[33m.[39mgetByText([32m"What is photosynthesis?"[39m))
     [90m    |[39m                  [31m[1m^[22m[39m
     [90m 67 |[39m     
fireEvent[33m.[39mchange(screen[33m.[39mgetByPlaceholderText([32m"Search 
questions..."[39m)[33m,[39m {
     [90m 68 |[39m       target[33m:[39m { value[33m:[39m 
[32m"photosynthesis"[39m }[33m,[39m
     [90m 69 |[39m     })[0m

      at waitForWrapper 
(node_modules/@testing-library/dom/dist/wait-for.js:163:27)
      at Object.<anonymous> (__tests__/history.test.tsx:66:18)

  ΓùÅ History Page ΓÇ║ filters questions by status

    Element type is invalid: expected a string (for built-in components) or a 
class/function (for composite components) but got: object.

    Check the render method of `HistoryPage`.

      at createFiberFromTypeAndProps 
(node_modules/react-dom/cjs/react-dom-client.development.js:5021:28)
      at createFiberFromElement 
(node_modules/react-dom/cjs/react-dom-client.development.js:5035:14)
      at createChild 
(node_modules/react-dom/cjs/react-dom-client.development.js:6338:26)
      at reconcileChildrenArray 
(node_modules/react-dom/cjs/react-dom-client.development.js:6670:25)
      at reconcileChildFibersImpl 
(node_modules/react-dom/cjs/react-dom-client.development.js:6993:30)
      at node_modules/react-dom/cjs/react-dom-client.development.js:7098:33
      at reconcileChildren 
(node_modules/react-dom/cjs/react-dom-client.development.js:9701:13)
      at beginWork 
(node_modules/react-dom/cjs/react-dom-client.development.js:12049:13)
      at runWithFiberInDEV 
(node_modules/react-dom/cjs/react-dom-client.development.js:874:13)
      at performUnitOfWork 
(node_modules/react-dom/cjs/react-dom-client.development.js:17641:22)
      at workLoopSync 
(node_modules/react-dom/cjs/react-dom-client.development.js:17469:41)
      at renderRootSync 
(node_modules/react-dom/cjs/react-dom-client.development.js:17450:11)
      at performWorkOnRoot 
(node_modules/react-dom/cjs/react-dom-client.development.js:16583:35)
      at performWorkOnRootViaSchedulerTask 
(node_modules/react-dom/cjs/react-dom-client.development.js:18957:7)
      at performWorkUntilDeadline 
(node_modules/scheduler/cjs/scheduler.development.js:45:48)
      at Timeout.task [as _onTimeout] 
(node_modules/jsdom/lib/jsdom/browser/Window.js:579:19)

  ΓùÅ History Page ΓÇ║ filters questions by status

    Unable to find an element with the text: What caused WW2?. This could be 
because the text is broken up by multiple elements. In this case, you can 
provide a function for your text matcher to make your matcher more flexible.

    Ignored nodes: comments, script, style
    [36m<body>[39m
      [36m<div />[39m
    [36m</body>[39m

    [0m [90m 74 |[39m   it([32m"filters questions by 
status"[39m[33m,[39m [36masync[39m () [33m=>[39m {
     [90m 75 |[39m     render([33m<[39m[33mHistoryPage[39m 
[33m/[39m[33m>[39m)
    [31m[1m>[22m[39m[90m 76 |[39m     [36mawait[39m waitFor(() 
[33m=>[39m screen[33m.[39mgetByText([32m"What caused WW2?"[39m))
     [90m    |[39m                  [31m[1m^[22m[39m
     [90m 77 |[39m     fireEvent[33m.[39mchange(screen[33m.[39mgetByRole(
[32m"combobox"[39m)[33m,[39m {
     [90m 78 |[39m       target[33m:[39m { value[33m:[39m 
[32m"pending"[39m }[33m,[39m
     [90m 79 |[39m     })[0m

      at waitForWrapper 
(node_modules/@testing-library/dom/dist/wait-for.js:163:27)
      at Object.<anonymous> (__tests__/history.test.tsx:76:18)

  ΓùÅ History Page ΓÇ║ toggles bookmark on star click

    Element type is invalid: expected a string (for built-in components) or a 
class/function (for composite components) but got: object.

    Check the render method of `HistoryPage`.

      at createFiberFromTypeAndProps 
(node_modules/react-dom/cjs/react-dom-client.development.js:5021:28)
      at createFiberFromElement 
(node_modules/react-dom/cjs/react-dom-client.development.js:5035:14)
      at createChild 
(node_modules/react-dom/cjs/react-dom-client.development.js:6338:26)
      at reconcileChildrenArray 
(node_modules/react-dom/cjs/react-dom-client.development.js:6670:25)
      at reconcileChildFibersImpl 
(node_modules/react-dom/cjs/react-dom-client.development.js:6993:30)
      at node_modules/react-dom/cjs/react-dom-client.development.js:7098:33
      at reconcileChildren 
(node_modules/react-dom/cjs/react-dom-client.development.js:9701:13)
      at beginWork 
(node_modules/react-dom/cjs/react-dom-client.development.js:12049:13)
      at runWithFiberInDEV 
(node_modules/react-dom/cjs/react-dom-client.development.js:874:13)
      at performUnitOfWork 
(node_modules/react-dom/cjs/react-dom-client.development.js:17641:22)
      at workLoopSync 
(node_modules/react-dom/cjs/react-dom-client.development.js:17469:41)
      at renderRootSync 
(node_modules/react-dom/cjs/react-dom-client.development.js:17450:11)
      at performWorkOnRoot 
(node_modules/react-dom/cjs/react-dom-client.development.js:16583:35)
      at performWorkOnRootViaSchedulerTask 
(node_modules/react-dom/cjs/react-dom-client.development.js:18957:7)
      at performWorkUntilDeadline 
(node_modules/scheduler/cjs/scheduler.development.js:45:48)
      at Timeout.task [as _onTimeout] 
(node_modules/jsdom/lib/jsdom/browser/Window.js:579:19)

  ΓùÅ History Page ΓÇ║ toggles bookmark on star click

    Unable to find an element with the text: Γÿå. This could be because the 
text is broken up by multiple elements. In this case, you can provide a 
function for your text matcher to make your matcher more flexible.

    Ignored nodes: comments, script, style
    [36m<body>[39m
      [36m<div />[39m
    [36m</body>[39m

    [0m [90m 84 |[39m   it([32m"toggles bookmark on star 
click"[39m[33m,[39m [36masync[39m () [33m=>[39m {
     [90m 85 |[39m     render([33m<[39m[33mHistoryPage[39m 
[33m/[39m[33m>[39m)
    [31m[1m>[22m[39m[90m 86 |[39m     [36mawait[39m waitFor(() 
[33m=>[39m screen[33m.[39mgetAllByText([32m"Γÿå"[39m))
     [90m    |[39m                  [31m[1m^[22m[39m
     [90m 87 |[39m     [36mconst[39m stars [33m=[39m 
screen[33m.[39mgetAllByText([32m"Γÿå"[39m)
     [90m 88 |[39m     fireEvent[33m.[39mclick(stars[[35m0[39m])
     [90m 89 |[39m     [36mawait[39m waitFor(() [33m=>[39m {[0m

      at waitForWrapper 
(node_modules/@testing-library/dom/dist/wait-for.js:163:27)
      at Object.<anonymous> (__tests__/history.test.tsx:86:18)

  ΓùÅ History Page ΓÇ║ deletes a question after confirmation

    Element type is invalid: expected a string (for built-in components) or a 
class/function (for composite components) but got: object.

    Check the render method of `HistoryPage`.

      at createFiberFromTypeAndProps 
(node_modules/react-dom/cjs/react-dom-client.development.js:5021:28)
      at createFiberFromElement 
(node_modules/react-dom/cjs/react-dom-client.development.js:5035:14)
      at createChild 
(node_modules/react-dom/cjs/react-dom-client.development.js:6338:26)
      at reconcileChildrenArray 
(node_modules/react-dom/cjs/react-dom-client.development.js:6670:25)
      at reconcileChildFibersImpl 
(node_modules/react-dom/cjs/react-dom-client.development.js:6993:30)
      at node_modules/react-dom/cjs/react-dom-client.development.js:7098:33
      at reconcileChildren 
(node_modules/react-dom/cjs/react-dom-client.development.js:9701:13)
      at beginWork 
(node_modules/react-dom/cjs/react-dom-client.development.js:12049:13)
      at runWithFiberInDEV 
(node_modules/react-dom/cjs/react-dom-client.development.js:874:13)
      at performUnitOfWork 
(node_modules/react-dom/cjs/react-dom-client.development.js:17641:22)
      at workLoopSync 
(node_modules/react-dom/cjs/react-dom-client.development.js:17469:41)
      at renderRootSync 
(node_modules/react-dom/cjs/react-dom-client.development.js:17450:11)
      at performWorkOnRoot 
(node_modules/react-dom/cjs/react-dom-client.development.js:16583:35)
      at performWorkOnRootViaSchedulerTask 
(node_modules/react-dom/cjs/react-dom-client.development.js:18957:7)
      at performWorkUntilDeadline 
(node_modules/scheduler/cjs/scheduler.development.js:45:48)
      at Timeout.task [as _onTimeout] 
(node_modules/jsdom/lib/jsdom/browser/Window.js:579:19)

  ΓùÅ History Page ΓÇ║ deletes a question after confirmation

    Unable to find an element with the text: Delete. This could be because the 
text is broken up by multiple elements. In this case, you can provide a 
function for your text matcher to make your matcher more flexible.

    Ignored nodes: comments, script, style
    [36m<body>[39m
      [36m<div />[39m
    [36m</body>[39m

    [0m [90m 110 |[39m
     [90m 111 |[39m     render([33m<[39m[33mHistoryPage[39m 
[33m/[39m[33m>[39m)
    [31m[1m>[22m[39m[90m 112 |[39m     [36mawait[39m waitFor(() 
[33m=>[39m screen[33m.[39mgetAllByText([32m"Delete"[39m))
     [90m     |[39m                  [31m[1m^[22m[39m
     [90m 113 |[39m     fireEvent[33m.[39mclick(screen[33m.[39mgetAllByTe
xt([32m"Delete"[39m)[[35m0[39m])
     [90m 114 |[39m     [36mawait[39m waitFor(() [33m=>[39m {
     [90m 115 |[39m       expect(fetch)[33m.[39mtoHaveBeenCalledWith([32m"
/api/questions/1"[39m[33m,[39m { method[33m:[39m [32m"DELETE"[39m })[0m

      at waitForWrapper 
(node_modules/@testing-library/dom/dist/wait-for.js:163:27)
      at Object.<anonymous> (__tests__/history.test.tsx:112:18)

  ΓùÅ History Page ΓÇ║ enters rename mode on Rename click

    Unable to find an element with the text: Rename. This could be because the 
text is broken up by multiple elements. In this case, you can provide a 
function for your text matcher to make your matcher more flexible.

    Ignored nodes: comments, script, style
    [36m<body>[39m
      [36m<div>[39m
        [36m<div[39m
          [33mclass[39m=[32m"min-h-screen relative overflow-hidden"[39m
          [33mstyle[39m=[32m"background: radial-gradient(ellipse at 50% 0%, 
#0d0520 0%, #060010 60%, #000000 100%);"[39m
        [36m>[39m
          [36m<div[39m
            [33mdata-testid[39m=[32m"stars"[39m
          [36m/>[39m
          [36m<div[39m
            [33mclass[39m=[32m"absolute inset-0 pointer-events-none 
overflow-hidden"[39m
          [36m>[39m
            [36m<div[39m
              [33mclass[39m=[32m"absolute top-0 left-1/3 w-96 h-96 
rounded-full opacity-15 blur-3xl"[39m
              [33mstyle[39m=[32m"background: radial-gradient(circle, 
#7c3aed, transparent);"[39m
            [36m/>[39m
          [36m</div>[39m
          [36m<div[39m
            [33mdata-testid[39m=[32m"navbar"[39m
          [36m/>[39m
          [36m<div[39m
            [33mclass[39m=[32m"relative z-10 max-w-6xl mx-auto px-6 
py-10"[39m
          [36m>[39m
            [36m<div[39m
              [33mclass[39m=[32m"flex items-center justify-between 
mb-2"[39m
            [36m>[39m
              [36m<div>[39m
                [36m<p[39m
                  [33mclass[39m=[32m"text-purple-400 text-xs 
tracking-widest uppercase mb-2"[39m
                [36m>[39m
                  [0mArchive[0m
                [36m</p>[39m
                [36m<h1[39m
                  [33mclass[39m=[32m"text-4xl font-black text-white"[39m
                  [33mstyle[39m=[32m"font-family: 
var(--font-orbitron);"[39m
                [36m>[39m
                  [0mHistory[0m
                [36m</h1>[39m
              [36m</div>[39m
              [36m<button[39m
                [33mclass[39m=[32m"flex items-center gap-2 px-4 py-2 
rounded-full text-sm font-medium transition-all hover:scale-105"[39m
                [33mstyle[39m=[32m"background: rgba(255, 255, 255, 0.05); 
color: rgb(167, 139, 250); border: 1px solid rgba(124, 58, 237, 0.3);"[39m
              [36m>[39m
                [0mΓÿå Bookmarks[0m
              [36m</button>[39m
            [36m</div>[39m
            [36m<p[39m
              [33mclass[39m=[32m"text-gray-500 mb-8"[39m
            [36m>[39m
              [0mAll your submitted questions[0m
            [36m</p>[39m
            [36m<div[39m
              [33mclass[39m=[32m"flex gap-4 mb-6"[39m
            [36m>[39m
              [36m<input[39m
                [33mclass[39m=[32m"flex-1 rounded-xl px-4 py-3 text-sm 
text-white placeholder-gray-600 focus:outline-none focus:ring-2 
focus:ring-purple-500 border border-purple-900/40"[39m
                [33mplaceholder[39m=[32m"Search questions..."[39m
                [33mstyle[39m=[32m"background: rgba(255, 255, 255, 
0.05);"[39m
                [33mtype[39m=[32m"text"[39m
                [33mvalue[39m=[32m""[39m
              [36m/>[39m
              [36m<select[39m
                [33mclass[39m=[32m"rounded-xl px-4 py-3 text-sm text-white 
focus:outline-none focus:ring-2 focus:ring-purple-500 border 
border-purple-900/40"[39m
                [33mstyle[39m=[32m"background: rgba(15, 5, 40, 0.9);"[39m
              [36m>[39m
                [36m<option[39m
                  [33mvalue[39m=[32m"all"[39m
                [36m>[39m
                  [0mAll[0m
                [36m</option>[39m
                [36m<option[39m
                  [33mvalue[39m=[32m"answered"[39m
                [36m>[39m
                  [0mAnswered[0m
                [36m</option>[39m
                [36m<option[39m
                  [33mvalue[39m=[32m"pending"[39m
                [36m>[39m
                  [0mPending[0m
                [36m</option>[39m
              [36m</select>[39m
            [36m</div>[39m
            [36m<div[39m
              [33mclass[39m=[32m"rounded-2xl border border-purple-900/30 
backdrop-blur-sm overflow-hidden"[39m
              [33mstyle[39m=[32m"background: rgba(15, 5, 40, 0.7);"[39m
            [36m>[39m
              [36m<p[39m
                [33mclass[39m=[32m"text-gray-500 text-sm p-6"[39m
              [36m>[39m
                [0mLoading...[0m
              [36m</p>[39m
            [36m</div>[39m
          [36m</div>[39m
        [36m</div>[39m
      [36m</div>[39m
    [36m</body>[39m

    [0m [90m 119 |[39m   it([32m"enters rename mode on Rename 
click"[39m[33m,[39m [36masync[39m () [33m=>[39m {
     [90m 120 |[39m     render([33m<[39m[33mHistoryPage[39m 
[33m/[39m[33m>[39m)
    [31m[1m>[22m[39m[90m 121 |[39m     [36mawait[39m waitFor(() 
[33m=>[39m screen[33m.[39mgetAllByText([32m"Rename"[39m))
     [90m     |[39m                  [31m[1m^[22m[39m
     [90m 122 |[39m     fireEvent[33m.[39mclick(screen[33m.[39mgetAllByTe
xt([32m"Rename"[39m)[[35m0[39m])
     [90m 123 |[39m     expect(screen[33m.[39mgetByDisplayValue([32m"What 
is photosynthesis?"[39m))[33m.[39mtoBeInTheDocument()
     [90m 124 |[39m   })[0m

      at waitForWrapper 
(node_modules/@testing-library/dom/dist/wait-for.js:163:27)
      at Object.<anonymous> (__tests__/history.test.tsx:121:18)

  ΓùÅ History Page ΓÇ║ enters rename mode on Rename click

    TypeError: res.json is not a function

    [0m [90m 38 |[39m   [36mconst[39m fetchQuestions [33m=[39m 
[36masync[39m () [33m=>[39m {
     [90m 39 |[39m     [36mconst[39m res [33m=[39m [36mawait[39m 
fetch([32m"/api/questions"[39m)
    [31m[1m>[22m[39m[90m 40 |[39m     [36mif[39m (res[33m.[39mok) 
setQuestions([36mawait[39m res[33m.[39mjson())
     [90m    |[39m                                        
[31m[1m^[22m[39m
     [90m 41 |[39m     setLoading([36mfalse[39m)
     [90m 42 |[39m   }
     [90m 43 |[39m[0m

      at fetchQuestions (app/history/page.tsx:40:40)

  ΓùÅ History Page ΓÇ║ enters rename mode on Rename click

    TypeError: res.json is not a function

    [0m [90m 38 |[39m   [36mconst[39m fetchQuestions [33m=[39m 
[36masync[39m () [33m=>[39m {
     [90m 39 |[39m     [36mconst[39m res [33m=[39m [36mawait[39m 
fetch([32m"/api/questions"[39m)
    [31m[1m>[22m[39m[90m 40 |[39m     [36mif[39m (res[33m.[39mok) 
setQuestions([36mawait[39m res[33m.[39mjson())
     [90m    |[39m                                        
[31m[1m^[22m[39m
     [90m 41 |[39m     setLoading([36mfalse[39m)
     [90m 42 |[39m   }
     [90m 43 |[39m[0m

      at fetchQuestions (app/history/page.tsx:40:40)

  ΓùÅ History Page ΓÇ║ cancels rename on Escape key

    Element type is invalid: expected a string (for built-in components) or a 
class/function (for composite components) but got: object.

    Check the render method of `HistoryPage`.

      at createFiberFromTypeAndProps 
(node_modules/react-dom/cjs/react-dom-client.development.js:5021:28)
      at createFiberFromElement 
(node_modules/react-dom/cjs/react-dom-client.development.js:5035:14)
      at createChild 
(node_modules/react-dom/cjs/react-dom-client.development.js:6338:26)
      at reconcileChildrenArray 
(node_modules/react-dom/cjs/react-dom-client.development.js:6670:25)
      at reconcileChildFibersImpl 
(node_modules/react-dom/cjs/react-dom-client.development.js:6993:30)
      at node_modules/react-dom/cjs/react-dom-client.development.js:7098:33
      at reconcileChildren 
(node_modules/react-dom/cjs/react-dom-client.development.js:9701:13)
      at beginWork 
(node_modules/react-dom/cjs/react-dom-client.development.js:12049:13)
      at runWithFiberInDEV 
(node_modules/react-dom/cjs/react-dom-client.development.js:874:13)
      at performUnitOfWork 
(node_modules/react-dom/cjs/react-dom-client.development.js:17641:22)
      at workLoopSync 
(node_modules/react-dom/cjs/react-dom-client.development.js:17469:41)
      at renderRootSync 
(node_modules/react-dom/cjs/react-dom-client.development.js:17450:11)
      at performWorkOnRoot 
(node_modules/react-dom/cjs/react-dom-client.development.js:16583:35)
      at performWorkOnRootViaSchedulerTask 
(node_modules/react-dom/cjs/react-dom-client.development.js:18957:7)
      at performWorkUntilDeadline 
(node_modules/scheduler/cjs/scheduler.development.js:45:48)
      at Timeout.task [as _onTimeout] 
(node_modules/jsdom/lib/jsdom/browser/Window.js:579:19)

  ΓùÅ History Page ΓÇ║ cancels rename on Escape key

    Unable to find an element with the text: Rename. This could be because the 
text is broken up by multiple elements. In this case, you can provide a 
function for your text matcher to make your matcher more flexible.

    Ignored nodes: comments, script, style
    [36m<body>[39m
      [36m<div />[39m
    [36m</body>[39m

    [0m [90m 126 |[39m   it([32m"cancels rename on Escape 
key"[39m[33m,[39m [36masync[39m () [33m=>[39m {
     [90m 127 |[39m     render([33m<[39m[33mHistoryPage[39m 
[33m/[39m[33m>[39m)
    [31m[1m>[22m[39m[90m 128 |[39m     [36mawait[39m waitFor(() 
[33m=>[39m screen[33m.[39mgetAllByText([32m"Rename"[39m))
     [90m     |[39m                  [31m[1m^[22m[39m
     [90m 129 |[39m     fireEvent[33m.[39mclick(screen[33m.[39mgetAllByTe
xt([32m"Rename"[39m)[[35m0[39m])
     [90m 130 |[39m     
fireEvent[33m.[39mkeyDown(screen[33m.[39mgetByDisplayValue([32m"What is 
photosynthesis?"[39m)[33m,[39m { key[33m:[39m [32m"Escape"[39m })
     [90m 131 |[39m     
expect(screen[33m.[39mqueryByDisplayValue([32m"What is 
photosynthesis?"[39m))[33m.[39mnot[33m.[39mtoBeInTheDocument()[0m

      at waitForWrapper 
(node_modules/@testing-library/dom/dist/wait-for.js:163:27)
      at Object.<anonymous> (__tests__/history.test.tsx:128:18)

Test Suites: 4 failed, 3 passed, 7 total
Tests:       24 failed, 19 passed, 43 total
Snapshots:   0 total
Time:        10.188 s
Ran all test suites.
